Component: ARM Compiler 5.06 update 7 (build 960) Tool: armlink [4d3601]

==============================================================================

Section Cross References

    startup_stm32f103x6.o(RESET) refers to startup_stm32f103x6.o(STACK) for __initial_sp
    startup_stm32f103x6.o(RESET) refers to startup_stm32f103x6.o(.text) for Reset_Handler
    startup_stm32f103x6.o(RESET) refers to stm32f1xx_it.o(i.NMI_Handler) for NMI_Handler
    startup_stm32f103x6.o(RESET) refers to stm32f1xx_it.o(i.HardFault_Handler) for HardFault_Handler
    startup_stm32f103x6.o(RESET) refers to stm32f1xx_it.o(i.MemManage_Handler) for MemManage_Handler
    startup_stm32f103x6.o(RESET) refers to stm32f1xx_it.o(i.BusFault_Handler) for BusFault_Handler
    startup_stm32f103x6.o(RESET) refers to stm32f1xx_it.o(i.UsageFault_Handler) for UsageFault_Handler
    startup_stm32f103x6.o(RESET) refers to stm32f1xx_it.o(i.SVC_Handler) for SVC_Handler
    startup_stm32f103x6.o(RESET) refers to stm32f1xx_it.o(i.DebugMon_Handler) for DebugMon_Handler
    startup_stm32f103x6.o(RESET) refers to stm32f1xx_it.o(i.PendSV_Handler) for PendSV_Handler
    startup_stm32f103x6.o(RESET) refers to stm32f1xx_it.o(i.SysTick_Handler) for SysTick_Handler
    startup_stm32f103x6.o(RESET) refers to stm32f1xx_it.o(i.EXTI4_IRQHandler) for EXTI4_IRQHandler
    startup_stm32f103x6.o(RESET) refers to stm32f1xx_it.o(i.TIM1_UP_IRQHandler) for TIM1_UP_IRQHandler
    startup_stm32f103x6.o(RESET) refers to stm32f1xx_it.o(i.TIM2_IRQHandler) for TIM2_IRQHandler
    startup_stm32f103x6.o(RESET) refers to stm32f1xx_it.o(i.TIM3_IRQHandler) for TIM3_IRQHandler
    startup_stm32f103x6.o(RESET) refers to stm32f1xx_it.o(i.USART1_IRQHandler) for USART1_IRQHandler
    startup_stm32f103x6.o(RESET) refers to stm32f1xx_it.o(i.EXTI15_10_IRQHandler) for EXTI15_10_IRQHandler
    startup_stm32f103x6.o(.text) refers to system_stm32f1xx_1.o(i.SystemInit) for SystemInit
    startup_stm32f103x6.o(.text) refers to entry.o(.ARM.Collect$$$$00000000) for __main
    mcp3553.o(i.readMCP3553) refers to stm32f1xx_hal.o(i.HAL_GetTick) for HAL_GetTick
    mcp3553.o(i.readMCP3553) refers to stm32f1xx_hal_gpio.o(i.HAL_GPIO_WritePin) for HAL_GPIO_WritePin
    mcp3553.o(i.readMCP3553) refers to stm32f1xx_hal.o(i.HAL_Delay) for HAL_Delay
    mcp3553.o(i.readMCP3553) refers to stm32f1xx_hal_gpio.o(i.HAL_GPIO_ReadPin) for HAL_GPIO_ReadPin
    mcp3553.o(i.readMCP3553) refers to sspi.o(i.sspi_receive) for sspi_receive
    mcp3553.o(i.readMCP3553) refers to fflti.o(.text) for __aeabi_i2f
    mcp3553.o(i.readMCP3553) refers to fmul.o(.text) for __aeabi_fmul
    mcp3553.o(i.readMCP3553) refers to fscalb.o(.text) for __ARM_scalbnf
    pid.o(i.PID_Pressure_Calc) refers to stm32f1xx_hal.o(i.HAL_GetTick) for HAL_GetTick
    pid.o(i.PID_Pressure_Calc) refers to ffltui.o(.text) for __aeabi_ui2f
    pid.o(i.PID_Pressure_Calc) refers to fadd.o(.text) for __aeabi_fsub
    pid.o(i.PID_Pressure_Calc) refers to fmul.o(.text) for __aeabi_fmul
    pid.o(i.PID_Pressure_Calc) refers to fdiv.o(.text) for __aeabi_fdiv
    pid.o(i.PID_Pressure_Calc) refers to pid.o(.data) for .data
    pid.o(i.PID_Speed_Calc) refers to stm32f1xx_hal.o(i.HAL_GetTick) for HAL_GetTick
    pid.o(i.PID_Speed_Calc) refers to ffltui.o(.text) for __aeabi_ui2f
    pid.o(i.PID_Speed_Calc) refers to fadd.o(.text) for __aeabi_fsub
    pid.o(i.PID_Speed_Calc) refers to fmul.o(.text) for __aeabi_fmul
    pid.o(i.PID_Speed_Calc) refers to fdiv.o(.text) for __aeabi_fdiv
    pid.o(i.PID_Speed_Calc) refers to ffixi.o(.text) for __aeabi_f2iz
    pid.o(i.PID_Speed_Calc) refers to pid.o(.data) for .data
    pid.o(i.PWM_Calc) refers to f2d.o(.text) for __aeabi_f2d
    pid.o(i.PWM_Calc) refers to dmul.o(.text) for __aeabi_dmul
    pid.o(i.PWM_Calc) refers to dadd.o(.text) for __aeabi_drsub
    pid.o(i.PWM_Calc) refers to d2f.o(.text) for __aeabi_d2f
    pid.o(i.PWM_Calc) refers to fmul.o(.text) for __aeabi_fmul
    pid.o(i.PWM_Calc) refers to ffixi.o(.text) for __aeabi_f2iz
    pressurereceive.o(i.char2float) refers to strchr.o(.text) for strchr
    pressurereceive.o(i.char2float) refers to atoi.o(.text) for atoi
    pressurereceive.o(i.char2float) refers to fflti.o(.text) for __aeabi_i2f
    pressurereceive.o(i.char2float) refers to dfltui.o(.text) for __aeabi_ui2d
    pressurereceive.o(i.char2float) refers to pow.o(i.pow) for pow
    pressurereceive.o(i.char2float) refers to f2d.o(.text) for __aeabi_f2d
    pressurereceive.o(i.char2float) refers to ddiv.o(.text) for __aeabi_ddiv
    pressurereceive.o(i.char2float) refers to dadd.o(.text) for __aeabi_dadd
    pressurereceive.o(i.char2float) refers to d2f.o(.text) for __aeabi_d2f
    pressurereceive.o(i.pressureCalcParam) refers to atof.o(i.atof) for atof
    pressurereceive.o(i.pressureCalcParam) refers to d2f.o(.text) for __aeabi_d2f
    pressurereceive.o(i.pressureCalcParam) refers to strchr.o(.text) for strchr
    pressurereceive.o(i.pressureCalcParam) refers to memcpya.o(.text) for __aeabi_memcpy4
[...]
    ../clib/microlib/init/entry.s            0x00000000   Number         0  entry7a.o ABSOLUTE
    ../clib/microlib/init/entry.s            0x00000000   Number         0  entry.o ABSOLUTE
    ../clib/microlib/longlong.c              0x00000000   Number         0  llshl.o ABSOLUTE
    ../clib/microlib/longlong.c              0x00000000   Number         0  llushr.o ABSOLUTE
    ../clib/microlib/longlong.c              0x00000000   Number         0  llsshr.o ABSOLUTE
    ../clib/microlib/printf/printf.c         0x00000000   Number         0  printf2.o ABSOLUTE
    ../clib/microlib/printf/printf.c         0x00000000   Number         0  printfb.o ABSOLUTE
    ../clib/microlib/printf/printf.c         0x00000000   Number         0  printf0.o ABSOLUTE
    ../clib/microlib/printf/printf.c         0x00000000   Number         0  printf1.o ABSOLUTE
    ../clib/microlib/printf/printf.c         0x00000000   Number         0  printf8.o ABSOLUTE
    ../clib/microlib/printf/printf.c         0x00000000   Number         0  printf3.o ABSOLUTE
    ../clib/microlib/printf/printf.c         0x00000000   Number         0  printf5.o ABSOLUTE
    ../clib/microlib/printf/printf.c         0x00000000   Number         0  printfa.o ABSOLUTE
    ../clib/microlib/printf/printf.c         0x00000000   Number         0  printf4.o ABSOLUTE
    ../clib/microlib/printf/printf.c         0x00000000   Number         0  printf7.o ABSOLUTE
    ../clib/microlib/printf/printf.c         0x00000000   Number         0  printf6.o ABSOLUTE
    ../clib/microlib/printf/stubs.s          0x00000000   Number         0  stubs.o ABSOLUTE
    ../clib/microlib/stdio/fputc.c           0x00000000   Number         0  fputc.o ABSOLUTE
    ../clib/microlib/stdio/semi.s            0x00000000   Number         0  semi.o ABSOLUTE
    ../clib/microlib/stdio/streams.c         0x00000000   Number         0  stdout.o ABSOLUTE
    ../clib/microlib/string/memcpy.c         0x00000000   Number         0  memcpyb.o ABSOLUTE
    ../clib/microlib/string/memcpy.c         0x00000000   Number         0  memcpya.o ABSOLUTE
    ../clib/microlib/string/memset.c         0x00000000   Number         0  memseta.o ABSOLUTE
    ../clib/microlib/string/strchr.c         0x00000000   Number         0  strchr.o ABSOLUTE
    ../clib/microlib/string/strlen.c         0x00000000   Number         0  strlen.o ABSOLUTE
    ../clib/microlib/stubs.s                 0x00000000   Number         0  iusefp.o ABSOLUTE
    ../clib/microlib/stubs.s                 0x00000000   Number         0  iusesemip.o ABSOLUTE
    ../clib/scanf.c                          0x00000000   Number         0  strtod.o ABSOLUTE
    ../clib/scanf.c                          0x00000000   Number         0  scanf_fp.o ABSOLUTE
    ../clib/scanf.c                          0x00000000   Number         0  _sgetc.o ABSOLUTE
    ../clib/scanf.c                          0x00000000   Number         0  _strtoul.o ABSOLUTE
    ../clib/scanf.c                          0x00000000   Number         0  strtol.o ABSOLUTE
    ../clib/scanf.c                          0x00000000   Number         0  atoi.o ABSOLUTE
    ../clib/scanf.c                          0x00000000   Number         0  _chval.o ABSOLUTE
    ../fplib/microlib/d2f.c                  0x00000000   Number         0  d2f.o ABSOLUTE
    ../fplib/microlib/f2d.c                  0x00000000   Number         0  f2d.o ABSOLUTE
    ../fplib/microlib/fpadd.c                0x00000000   Number         0  dadd.o ABSOLUTE
    ../fplib/microlib/fpadd.c                0x00000000   Number         0  fadd.o ABSOLUTE
    ../fplib/microlib/fpdiv.c                0x00000000   Number         0  ddiv.o ABSOLUTE
    ../fplib/microlib/fpdiv.c                0x00000000   Number         0  fdiv.o ABSOLUTE
    ../fplib/microlib/fpepilogue.c           0x00000000   Number         0  depilogue.o ABSOLUTE
    ../fplib/microlib/fpepilogue.c           0x00000000   Number         0  fepilogue.o ABSOLUTE
    ../fplib/microlib/fpfix.c                0x00000000   Number         0  dfixul.o ABSOLUTE
    ../fplib/microlib/fpfix.c                0x00000000   Number         0  ffixi.o ABSOLUTE
    ../fplib/microlib/fpfix.c                0x00000000   Number         0  ffixui.o ABSOLUTE
    ../fplib/microlib/fpflt.c                0x00000000   Number         0  dflti.o ABSOLUTE
    ../fplib/microlib/fpflt.c                0x00000000   Number         0  dfltul.o ABSOLUTE
    ../fplib/microlib/fpflt.c                0x00000000   Number         0  fflti.o ABSOLUTE
    ../fplib/microlib/fpflt.c                0x00000000   Number         0  dfltui.o ABSOLUTE
    ../fplib/microlib/fpflt.c                0x00000000   Number         0  ffltui.o ABSOLUTE
    ../fplib/microlib/fpmul.c                0x00000000   Number         0  dmul.o ABSOLUTE
    ../fplib/microlib/fpmul.c                0x00000000   Number         0  fmul.o ABSOLUTE
    ../fplib/microlib/fprnd.c                0x00000000   Number         0  frnd.o ABSOLUTE
    ../fplib/microlib/fpscalb.c              0x00000000   Number         0  dscalb.o ABSOLUTE
    ../fplib/microlib/fpscalb.c              0x00000000   Number         0  fscalb.o ABSOLUTE
    ../fplib/microlib/fpsqrt.c               0x00000000   Number         0  dsqrt.o ABSOLUTE
    ../mathlib/atof.c                        0x00000000   Number         0  atof.o ABSOLUTE
    ../mathlib/dunder.c                      0x00000000   Number         0  dunder.o ABSOLUTE
    ../mathlib/fpclassify.c                  0x00000000   Number         0  fpclassify.o ABSOLUTE
    ../mathlib/fpclassifyf.c                 0x00000000   Number         0  fpclassifyf.o ABSOLUTE
    ../mathlib/funder.c                      0x00000000   Number         0  funder.o ABSOLUTE
    ../mathlib/poly.c                        0x00000000   Number         0  poly.o ABSOLUTE
    ../mathlib/pow.c                         0x00000000   Number         0  pow_x.o ABSOLUTE
    ../mathlib/pow.c                         0x00000000   Number         0  pow.o ABSOLUTE
    ../mathlib/qnan.c                        0x00000000   Number         0  qnan.o ABSOLUTE
    ../mathlib/rredf.c                       0x00000000   Number         0  rredf.o ABSOLUTE
    ../mathlib/sinf.c                        0x00000000   Number         0  sinf.o ABSOLUTE
    ../mathlib/sinf.c                        0x00000000   Number         0  sinf_x.o ABSOLUTE
    ../mathlib/sqrt.c                        0x00000000   Number         0  sqrt.o ABSOLUTE
    ../mathlib/sqrt.c                        0x00000000   Number         0  sqrt_x.o ABSOLUTE
    ..\Core\Src\MCP3553.c                    0x00000000   Number         0  mcp3553.o ABSOLUTE
    ..\Core\Src\PID.c                        0x00000000   Number         0  pid.o ABSOLUTE
    ..\Core\Src\main.c                       0x00000000   Number         0  main.o ABSOLUTE
    ..\Core\Src\pressureReceive.c            0x00000000   Number         0  pressurereceive.o ABSOLUTE
    ..\Core\Src\sspi.c                       0x00000000   Number         0  sspi.o ABSOLUTE
    ..\Core\Src\stm32f1xx_hal_msp.c          0x00000000   Number         0  stm32f1xx_hal_msp.o ABSOLUTE
    ..\Core\Src\stm32f1xx_it.c               0x00000000   Number         0  stm32f1xx_it.o ABSOLUTE
    ..\Core\Src\system_stm32f1xx.c           0x00000000   Number         0  system_stm32f1xx_1.o ABSOLUTE
    ..\Drivers\STM32F1xx_HAL_Driver\Src\stm32f1xx_hal.c 0x00000000   Number         0  stm32f1xx_hal.o ABSOLUTE
    ..\Drivers\STM32F1xx_HAL_Driver\Src\stm32f1xx_hal_cortex.c 0x00000000   Number         0  stm32f1xx_hal_cortex.o ABSOLUTE
    ..\Drivers\STM32F1xx_HAL_Driver\Src\stm32f1xx_hal_dma.c 0x00000000   Number         0  stm32f1xx_hal_dma.o ABSOLUTE
    ..\Drivers\STM32F1xx_HAL_Driver\Src\stm32f1xx_hal_exti.c 0x00000000   Number         0  stm32f1xx_hal_exti.o ABSOLUTE
    ..\Drivers\STM32F1xx_HAL_Driver\Src\stm32f1xx_hal_flash.c 0x00000000   Number         0  stm32f1xx_hal_flash.o ABSOLUTE
    ..\Drivers\STM32F1xx_HAL_Driver\Src\stm32f1xx_hal_flash_ex.c 0x00000000   Number         0  stm32f1xx_hal_flash_ex.o ABSOLUTE
    ..\Drivers\STM32F1xx_HAL_Driver\Src\stm32f1xx_hal_gpio.c 0x00000000   Number         0  stm32f1xx_hal_gpio.o ABSOLUTE
    ..\Drivers\STM32F1xx_HAL_Driver\Src\stm32f1xx_hal_gpio_ex.c 0x00000000   Number         0  stm32f1xx_hal_gpio_ex.o ABSOLUTE
    ..\Drivers\STM32F1xx_HAL_Driver\Src\stm32f1xx_hal_pwr.c 0x00000000   Number         0  stm32f1xx_hal_pwr.o ABSOLUTE
    ..\Drivers\STM32F1xx_HAL_Driver\Src\stm32f1xx_hal_rcc.c 0x00000000   Number         0  stm32f1xx_hal_rcc.o ABSOLUTE
    ..\Drivers\STM32F1xx_HAL_Driver\Src\stm32f1xx_hal_rcc_ex.c 0x00000000   Number         0  stm32f1xx_hal_rcc_ex.o ABSOLUTE
    ..\Drivers\STM32F1xx_HAL_Driver\Src\stm32f1xx_hal_tim.c 0x00000000   Number         0  stm32f1xx_hal_tim.o ABSOLUTE
    ..\Drivers\STM32F1xx_HAL_Driver\Src\stm32f1xx_hal_tim_ex.c 0x00000000   Number         0  stm32f1xx_hal_tim_ex.o ABSOLUTE
    ..\Drivers\STM32F1xx_HAL_Driver\Src\stm32f1xx_hal_uart.c 0x00000000   Number         0  stm32f1xx_hal_uart.o ABSOLUTE
    ..\\Core\\Src\\MCP3553.c                 0x00000000   Number         0  mcp3553.o ABSOLUTE
    ..\\Core\\Src\\PID.c                     0x00000000   Number         0  pid.o ABSOLUTE
    ..\\Core\\Src\\pressureReceive.c         0x00000000   Number         0  pressurereceive.o ABSOLUTE
    ..\\Core\\Src\\sspi.c                    0x00000000   Number         0  sspi.o ABSOLUTE
    cdcmple.s                                0x00000000   Number         0  cdcmple.o ABSOLUTE
    cdrcmple.s                               0x00000000   Number         0  cdrcmple.o ABSOLUTE
    cfcmple.s                                0x00000000   Number         0  cfcmple.o ABSOLUTE
    cfrcmple.s                               0x00000000   Number         0  cfrcmple.o ABSOLUTE
    dc.s                                     0x00000000   Number         0  dc.o ABSOLUTE
    handlers.s                               0x00000000   Number         0  handlers.o ABSOLUTE
    init.s                                   0x00000000   Number         0  init.o ABSOLUTE
    startup_stm32f103x6.s                    0x00000000   Number         0  startup_stm32f103x6.o ABSOLUTE
    RESET                                    0x08000000   Section      236  startup_stm32f103x6.o(RESET)
    .ARM.Collect$$$$00000000                 0x080000ec   Section        0  entry.o(.ARM.Collect$$$$00000000)
    .ARM.Collect$$$$00000001                 0x080000ec   Section        4  entry2.o(.ARM.Collect$$$$00000001)
    .ARM.Collect$$$$00000004                 0x080000f0   Section        4  entry5.o(.ARM.Collect$$$$00000004)
    .ARM.Collect$$$$00000008                 0x080000f4   Section        0  entry7b.o(.ARM.Collect$$$$00000008)
    .ARM.Collect$$$$0000000A                 0x080000f4   Section        0  entry8b.o(.ARM.Collect$$$$0000000A)
    .ARM.Collect$$$$0000000B                 0x080000f4   Section        8  entry9a.o(.ARM.Collect$$$$0000000B)
    .ARM.Collect$$$$0000000E                 0x080000fc   Section        4  entry12b.o(.ARM.Collect$$$$0000000E)
    .ARM.Collect$$$$0000000F                 0x08000100   Section        0  entry10a.o(.ARM.Collect$$$$0000000F)
    .ARM.Collect$$$$00000011                 0x08000100   Section        0  entry11a.o(.ARM.Collect$$$$00000011)
    .ARM.Collect$$$$00002712                 0x08000100   Section        4  entry2.o(.ARM.Collect$$$$00002712)
    __lit__00000000                          0x08000100   Data           4  entry2.o(.ARM.Collect$$$$00002712)
    .text                                    0x08000104   Section       36  startup_stm32f103x6.o(.text)
    .text                                    0x08000128   Section        0  llushr.o(.text)
    .text                                    0x08000148   Section        0  memcpya.o(.text)
    .text                                    0x0800016c   Section        0  memseta.o(.text)
    .text                                    0x08000190   Section        0  strchr.o(.text)
    .text                                    0x080001a4   Section        0  strlen.o(.text)
    .text                                    0x080001b2   Section        0  fadd.o(.text)
    .text                                    0x08000262   Section        0  fmul.o(.text)
    .text                                    0x080002c6   Section        0  fdiv.o(.text)
    .text                                    0x08000342   Section        0  fscalb.o(.text)
    .text                                    0x0800035a   Section        0  dadd.o(.text)
    .text                                    0x080004a8   Section        0  dmul.o(.text)
    .text                                    0x0800058c   Section        0  ddiv.o(.text)
    .text                                    0x0800066a   Section        0  dscalb.o(.text)
    .text                                    0x08000698   Section        0  fflti.o(.text)
    .text                                    0x080006aa   Section        0  ffltui.o(.text)
    .text                                    0x080006b4   Section        0  dfltui.o(.text)
    .text                                    0x080006ce   Section        0  ffixi.o(.text)
    .text                                    0x08000700   Section        0  ffixui.o(.text)
    .text                                    0x08000728   Section        0  f2d.o(.text)
    .text                                    0x08000750   Section       48  cdcmple.o(.text)
    .text                                    0x08000780   Section        0  d2f.o(.text)
    .text                                    0x080007b8   Section       20  cfcmple.o(.text)
    .text                                    0x080007cc   Section       20  cfrcmple.o(.text)
    .text                                    0x080007e0   Section        0  uidiv.o(.text)
    .text                                    0x0800080c   Section        0  uldiv.o(.text)
    .text                                    0x0800086e   Section        0  llshl.o(.text)
    .text                                    0x0800088c   Section        0  llsshr.o(.text)
    .text                                    0x080008b0   Section        0  strtod.o(.text)
    _local_sscanf                            0x080008b1   Thumb Code    54  strtod.o(.text)
    .text                                    0x0800094c   Section        0  fepilogue.o(.text)
    .text                                    0x0800094c   Section        0  iusefp.o(.text)
    .text                                    0x080009ba   Section        0  frnd.o(.text)
    .text                                    0x080009f6   Section        0  depilogue.o(.text)
    .text                                    0x08000ab0   Section        0  dfixul.o(.text)
    .text                                    0x08000ae0   Section       48  cdrcmple.o(.text)
    .text                                    0x08000b10   Section       36  init.o(.text)
    .text                                    0x08000b34   Section        0  ctype_o.o(.text)
    .text                                    0x08000b3c   Section        0  isspace_o.o(.text)
    .text                                    0x08000b50   Section        0  scanf_fp.o(.text)
    _fp_value                                0x08000b51   Thumb Code   296  scanf_fp.o(.text)
    .text                                    0x08000eb0   Section        0  _sgetc.o(.text)
    .text                                    0x08000ef0   Section        0  dfltul.o(.text)
    i.BusFault_Handler                       0x08000f08   Section        0  stm32f1xx_it.o(i.BusFault_Handler)
    i.DebugMon_Handler                       0x08000f0a   Section        0  stm32f1xx_it.o(i.DebugMon_Handler)
    i.EXTI15_10_IRQHandler                   0x08000f0c   Section        0  stm32f1xx_it.o(i.EXTI15_10_IRQHandler)
    i.EXTI4_IRQHandler                       0x08000f22   Section        0  stm32f1xx_it.o(i.EXTI4_IRQHandler)
    i.HAL_DMA_Abort                          0x08000f28   Section        0  stm32f1xx_hal_dma.o(i.HAL_DMA_Abort)
    i.HAL_DMA_Abort_IT                       0x08000f70   Section        0  stm32f1xx_hal_dma.o(i.HAL_DMA_Abort_IT)
    i.HAL_Delay                              0x08001008   Section        0  stm32f1xx_hal.o(i.HAL_Delay)
    i.HAL_GPIO_EXTI_Callback                 0x0800102c   Section        0  main.o(i.HAL_GPIO_EXTI_Callback)
    i.HAL_GPIO_EXTI_IRQHandler               0x080010d4   Section        0  stm32f1xx_hal_gpio.o(i.HAL_GPIO_EXTI_IRQHandler)
    i.HAL_GPIO_Init                          0x080010ec   Section        0  stm32f1xx_hal_gpio.o(i.HAL_GPIO_Init)
    i.HAL_GPIO_ReadPin                       0x080012a4   Section        0  stm32f1xx_hal_gpio.o(i.HAL_GPIO_ReadPin)
    i.HAL_GPIO_WritePin                      0x080012ae   Section        0  stm32f1xx_hal_gpio.o(i.HAL_GPIO_WritePin)
    i.HAL_GetTick                            0x080012b8   Section        0  stm32f1xx_hal.o(i.HAL_GetTick)
    i.HAL_IncTick                            0x080012c4   Section        0  stm32f1xx_hal.o(i.HAL_IncTick)
    i.HAL_Init                               0x080012d4   Section        0  stm32f1xx_hal.o(i.HAL_Init)
    i.HAL_InitTick                           0x080012f8   Section        0  stm32f1xx_hal.o(i.HAL_InitTick)
    i.HAL_MspInit                            0x08001338   Section        0  stm32f1xx_hal_msp.o(i.HAL_MspInit)
    i.HAL_NVIC_EnableIRQ                     0x08001374   Section        0  stm32f1xx_hal_cortex.o(i.HAL_NVIC_EnableIRQ)
    i.HAL_NVIC_SetPriority                   0x08001390   Section        0  stm32f1xx_hal_cortex.o(i.HAL_NVIC_SetPriority)
    i.HAL_NVIC_SetPriorityGrouping           0x080013d0   Section        0  stm32f1xx_hal_cortex.o(i.HAL_NVIC_SetPriorityGrouping)
    i.HAL_RCC_ClockConfig                    0x080013f4   Section        0  stm32f1xx_hal_rcc.o(i.HAL_RCC_ClockConfig)
    i.HAL_RCC_GetPCLK1Freq                   0x0800152c   Section        0  stm32f1xx_hal_rcc.o(i.HAL_RCC_GetPCLK1Freq)
    i.HAL_RCC_GetPCLK2Freq                   0x0800154c   Section        0  stm32f1xx_hal_rcc.o(i.HAL_RCC_GetPCLK2Freq)
    i.HAL_RCC_GetSysClockFreq                0x0800156c   Section        0  stm32f1xx_hal_rcc.o(i.HAL_RCC_GetSysClockFreq)
    i.HAL_RCC_OscConfig                      0x080015d8   Section        0  stm32f1xx_hal_rcc.o(i.HAL_RCC_OscConfig)
    i.HAL_SYSTICK_Config                     0x080018f0   Section        0  stm32f1xx_hal_cortex.o(i.HAL_SYSTICK_Config)
    i.HAL_TIMEx_BreakCallback                0x08001918   Section        0  stm32f1xx_hal_tim_ex.o(i.HAL_TIMEx_BreakCallback)
    i.HAL_TIMEx_CommutCallback               0x0800191a   Section        0  stm32f1xx_hal_tim_ex.o(i.HAL_TIMEx_CommutCallback)
    i.HAL_TIMEx_MasterConfigSynchronization  0x0800191c   Section        0  stm32f1xx_hal_tim_ex.o(i.HAL_TIMEx_MasterConfigSynchronization)
    i.HAL_TIM_Base_Init                      0x0800197c   Section        0  stm32f1xx_hal_tim.o(i.HAL_TIM_Base_Init)
    i.HAL_TIM_Base_MspInit                   0x080019d8   Section        0  stm32f1xx_hal_msp.o(i.HAL_TIM_Base_MspInit)
    i.HAL_TIM_Base_Start_IT                  0x08001aac   Section        0  stm32f1xx_hal_tim.o(i.HAL_TIM_Base_Start_IT)
    i.HAL_TIM_ConfigClockSource              0x08001afc   Section        0  stm32f1xx_hal_tim.o(i.HAL_TIM_ConfigClockSource)
    i.HAL_TIM_ConfigTI1Input                 0x08001bd2   Section        0  stm32f1xx_hal_tim.o(i.HAL_TIM_ConfigTI1Input)
    i.HAL_TIM_IC_CaptureCallback             0x08001be4   Section        0  main.o(i.HAL_TIM_IC_CaptureCallback)
    i.HAL_TIM_IC_ConfigChannel               0x08001c38   Section        0  stm32f1xx_hal_tim.o(i.HAL_TIM_IC_ConfigChannel)
    i.HAL_TIM_IC_Init                        0x08001d46   Section        0  stm32f1xx_hal_tim.o(i.HAL_TIM_IC_Init)
    i.HAL_TIM_IC_MspInit                     0x08001da0   Section        0  stm32f1xx_hal_tim.o(i.HAL_TIM_IC_MspInit)
    i.HAL_TIM_IC_Start_IT                    0x08001da4   Section        0  stm32f1xx_hal_tim.o(i.HAL_TIM_IC_Start_IT)
    i.HAL_TIM_IRQHandler                     0x08001e9c   Section        0  stm32f1xx_hal_tim.o(i.HAL_TIM_IRQHandler)
    i.HAL_TIM_MspPostInit                    0x08002004   Section        0  stm32f1xx_hal_msp.o(i.HAL_TIM_MspPostInit)
    i.HAL_TIM_OC_DelayElapsedCallback        0x0800204c   Section        0  stm32f1xx_hal_tim.o(i.HAL_TIM_OC_DelayElapsedCallback)
    i.HAL_TIM_PWM_ConfigChannel              0x0800204e   Section        0  stm32f1xx_hal_tim.o(i.HAL_TIM_PWM_ConfigChannel)
    i.HAL_TIM_PWM_Init                       0x08002114   Section        0  stm32f1xx_hal_tim.o(i.HAL_TIM_PWM_Init)
    i.HAL_TIM_PWM_MspInit                    0x0800216e   Section        0  stm32f1xx_hal_tim.o(i.HAL_TIM_PWM_MspInit)
    i.HAL_TIM_PWM_PulseFinishedCallback      0x08002170   Section        0  stm32f1xx_hal_tim.o(i.HAL_TIM_PWM_PulseFinishedCallback)
    i.HAL_TIM_PWM_Start                      0x08002174   Section        0  stm32f1xx_hal_tim.o(i.HAL_TIM_PWM_Start)
    i.HAL_TIM_PeriodElapsedCallback          0x0800220c   Section        0  main.o(i.HAL_TIM_PeriodElapsedCallback)
    i.HAL_TIM_ReadCapturedValue              0x08002348   Section        0  stm32f1xx_hal_tim.o(i.HAL_TIM_ReadCapturedValue)
    i.HAL_TIM_TriggerCallback                0x08002372   Section        0  stm32f1xx_hal_tim.o(i.HAL_TIM_TriggerCallback)
    i.HAL_UARTEx_RxEventCallback             0x08002374   Section        0  stm32f1xx_hal_uart.o(i.HAL_UARTEx_RxEventCallback)
    i.HAL_UART_ErrorCallback                 0x08002376   Section        0  stm32f1xx_hal_uart.o(i.HAL_UART_ErrorCallback)
    i.HAL_UART_IRQHandler                    0x08002378   Section        0  stm32f1xx_hal_uart.o(i.HAL_UART_IRQHandler)
    i.HAL_UART_Init                          0x08002584   Section        0  stm32f1xx_hal_uart.o(i.HAL_UART_Init)
    i.HAL_UART_MspInit                       0x080025e8   Section        0  stm32f1xx_hal_msp.o(i.HAL_UART_MspInit)
    i.HAL_UART_Receive_IT                    0x08002668   Section        0  stm32f1xx_hal_uart.o(i.HAL_UART_Receive_IT)
    i.HAL_UART_RxCpltCallback                0x08002694   Section        0  main.o(i.HAL_UART_RxCpltCallback)
    i.HAL_UART_Transmit                      0x080026ec   Section        0  stm32f1xx_hal_uart.o(i.HAL_UART_Transmit)
    i.HAL_UART_TxCpltCallback                0x0800279c   Section        0  stm32f1xx_hal_uart.o(i.HAL_UART_TxCpltCallback)
    i.HardFault_Handler                      0x0800279e   Section        0  stm32f1xx_it.o(i.HardFault_Handler)
    i.MX_GPIO_Init                           0x080027a0   Section        0  main.o(i.MX_GPIO_Init)
    MX_GPIO_Init                             0x080027a1   Thumb Code   278  main.o(i.MX_GPIO_Init)
    i.MX_TIM1_Init                           0x080028cc   Section        0  main.o(i.MX_TIM1_Init)
    MX_TIM1_Init                             0x080028cd   Thumb Code    98  main.o(i.MX_TIM1_Init)
    i.MX_TIM2_Init                           0x08002938   Section        0  main.o(i.MX_TIM2_Init)
    MX_TIM2_Init                             0x08002939   Thumb Code   162  main.o(i.MX_TIM2_Init)
    i.MX_TIM3_Init                           0x080029e0   Section        0  main.o(i.MX_TIM3_Init)
    MX_TIM3_Init                             0x080029e1   Thumb Code   192  main.o(i.MX_TIM3_Init)
    i.MemManage_Handler                      0x08002aa8   Section        0  stm32f1xx_it.o(i.MemManage_Handler)
    i.NMI_Handler                            0x08002aaa   Section        0  stm32f1xx_it.o(i.NMI_Handler)
    i.PID_Pressure_Calc                      0x08002aac   Section        0  pid.o(i.PID_Pressure_Calc)
    i.PID_Speed_Calc                         0x08002bcc   Section        0  pid.o(i.PID_Speed_Calc)
    i.PendSV_Handler                         0x08002c88   Section        0  stm32f1xx_it.o(i.PendSV_Handler)
    i.SVC_Handler                            0x08002c8a   Section        0  stm32f1xx_it.o(i.SVC_Handler)
    i.SysTick_Handler                        0x08002c8c   Section        0  stm32f1xx_it.o(i.SysTick_Handler)
    i.SystemClock_Config                     0x08002c90   Section        0  main.o(i.SystemClock_Config)
    i.SystemInit                             0x08002cec   Section        0  system_stm32f1xx_1.o(i.SystemInit)
    i.TIM1_UP_IRQHandler                     0x08002cf0   Section        0  stm32f1xx_it.o(i.TIM1_UP_IRQHandler)
    i.TIM2_IRQHandler                        0x08002cfc   Section        0  stm32f1xx_it.o(i.TIM2_IRQHandler)
    i.TIM3_IRQHandler                        0x08002d08   Section        0  stm32f1xx_it.o(i.TIM3_IRQHandler)
    i.TIM_Base_SetConfig                     0x08002d14   Section        0  stm32f1xx_hal_tim.o(i.TIM_Base_SetConfig)
    i.TIM_CCxChannelCmd                      0x08002d70   Section        0  stm32f1xx_hal_tim.o(i.TIM_CCxChannelCmd)
    i.TIM_ETR_SetConfig                      0x08002d8a   Section        0  stm32f1xx_hal_tim.o(i.TIM_ETR_SetConfig)
    i.TIM_ITRx_SetConfig                     0x08002d9e   Section        0  stm32f1xx_hal_tim.o(i.TIM_ITRx_SetConfig)
    TIM_ITRx_SetConfig                       0x08002d9f   Thumb Code    16  stm32f1xx_hal_tim.o(i.TIM_ITRx_SetConfig)
    i.TIM_OC1_SetConfig                      0x08002db0   Section        0  stm32f1xx_hal_tim.o(i.TIM_OC1_SetConfig)
    TIM_OC1_SetConfig                        0x08002db1   Thumb Code    82  stm32f1xx_hal_tim.o(i.TIM_OC1_SetConfig)
    i.TIM_OC2_SetConfig                      0x08002e08   Section        0  stm32f1xx_hal_tim.o(i.TIM_OC2_SetConfig)
    i.TIM_OC3_SetConfig                      0x08002e64   Section        0  stm32f1xx_hal_tim.o(i.TIM_OC3_SetConfig)
    TIM_OC3_SetConfig                        0x08002e65   Thumb Code    84  stm32f1xx_hal_tim.o(i.TIM_OC3_SetConfig)
    i.TIM_OC4_SetConfig                      0x08002ebc   Section        0  stm32f1xx_hal_tim.o(i.TIM_OC4_SetConfig)
    TIM_OC4_SetConfig                        0x08002ebd   Thumb Code    64  stm32f1xx_hal_tim.o(i.TIM_OC4_SetConfig)
    i.TIM_TI1_ConfigInputStage               0x08002f00   Section        0  stm32f1xx_hal_tim.o(i.TIM_TI1_ConfigInputStage)
    TIM_TI1_ConfigInputStage                 0x08002f01   Thumb Code    34  stm32f1xx_hal_tim.o(i.TIM_TI1_ConfigInputStage)
    i.TIM_TI1_SetConfig                      0x08002f24   Section        0  stm32f1xx_hal_tim.o(i.TIM_TI1_SetConfig)
    i.TIM_TI2_ConfigInputStage               0x08002f74   Section        0  stm32f1xx_hal_tim.o(i.TIM_TI2_ConfigInputStage)
    TIM_TI2_ConfigInputStage                 0x08002f75   Thumb Code    36  stm32f1xx_hal_tim.o(i.TIM_TI2_ConfigInputStage)
    i.TIM_TI2_SetConfig                      0x08002f98   Section        0  stm32f1xx_hal_tim.o(i.TIM_TI2_SetConfig)
    TIM_TI2_SetConfig                        0x08002f99   Thumb Code    54  stm32f1xx_hal_tim.o(i.TIM_TI2_SetConfig)
    i.UART_DMAAbortOnError                   0x08002fce   Section        0  stm32f1xx_hal_uart.o(i.UART_DMAAbortOnError)
    UART_DMAAbortOnError                     0x08002fcf   Thumb Code    16  stm32f1xx_hal_uart.o(i.UART_DMAAbortOnError)
    i.UART_EndRxTransfer                     0x08002fde   Section        0  stm32f1xx_hal_uart.o(i.UART_EndRxTransfer)
    UART_EndRxTransfer                       0x08002fdf   Thumb Code    48  stm32f1xx_hal_uart.o(i.UART_EndRxTransfer)
    i.UART_Receive_IT                        0x0800300e   Section        0  stm32f1xx_hal_uart.o(i.UART_Receive_IT)
    UART_Receive_IT                          0x0800300f   Thumb Code   182  stm32f1xx_hal_uart.o(i.UART_Receive_IT)
    i.UART_SetConfig                         0x080030c4   Section        0  stm32f1xx_hal_uart.o(i.UART_SetConfig)
    UART_SetConfig                           0x080030c5   Thumb Code   178  stm32f1xx_hal_uart.o(i.UART_SetConfig)
    i.UART_Start_Receive_IT                  0x0800317c   Section        0  stm32f1xx_hal_uart.o(i.UART_Start_Receive_IT)
    i.UART_WaitOnFlagUntilTimeout            0x080031b2   Section        0  stm32f1xx_hal_uart.o(i.UART_WaitOnFlagUntilTimeout)
    UART_WaitOnFlagUntilTimeout              0x080031b3   Thumb Code    98  stm32f1xx_hal_uart.o(i.UART_WaitOnFlagUntilTimeout)
    i.USART1_IRQHandler                      0x08003214   Section        0  stm32f1xx_it.o(i.USART1_IRQHandler)
    i.UsageFault_Handler                     0x08003220   Section        0  stm32f1xx_it.o(i.UsageFault_Handler)
    i.__0sprintf                             0x08003224   Section        0  printfa.o(i.__0sprintf)
    i.__ARM_fpclassifyf                      0x0800324c   Section        0  fpclassifyf.o(i.__ARM_fpclassifyf)
    i.__NVIC_SetPriority                     0x08003272   Section        0  stm32f1xx_hal_cortex.o(i.__NVIC_SetPriority)
    __NVIC_SetPriority                       0x08003273   Thumb Code    32  stm32f1xx_hal_cortex.o(i.__NVIC_SetPriority)
    i.__mathlib_flt_infnan                   0x08003292   Section        0  funder.o(i.__mathlib_flt_infnan)
    i.__mathlib_flt_invalid                  0x08003298   Section        0  funder.o(i.__mathlib_flt_invalid)
    i.__mathlib_flt_underflow                0x080032a0   Section        0  funder.o(i.__mathlib_flt_underflow)
    i.__mathlib_rredf2                       0x080032ac   Section        0  rredf.o(i.__mathlib_rredf2)
    i.__read_errno                           0x08003414   Section        0  errno.o(i.__read_errno)
    i.__scatterload_copy                     0x08003420   Section       14  handlers.o(i.__scatterload_copy)
    i.__scatterload_null                     0x0800342e   Section        2  handlers.o(i.__scatterload_null)
    i.__scatterload_zeroinit                 0x08003430   Section       14  handlers.o(i.__scatterload_zeroinit)
    i.__set_errno                            0x08003440   Section        0  errno.o(i.__set_errno)
    i._fp_digits                             0x0800344c   Section        0  printfa.o(i._fp_digits)
    _fp_digits                               0x0800344d   Thumb Code   366  printfa.o(i._fp_digits)
    i._is_digit                              0x080035d0   Section        0  scanf_fp.o(i._is_digit)
    i._printf_core                           0x080035e0   Section        0  printfa.o(i._printf_core)
    _printf_core                             0x080035e1   Thumb Code  1704  printfa.o(i._printf_core)
    i._printf_post_padding                   0x08003c94   Section        0  printfa.o(i._printf_post_padding)
    _printf_post_padding                     0x08003c95   Thumb Code    36  printfa.o(i._printf_post_padding)
    i._printf_pre_padding                    0x08003cb8   Section        0  printfa.o(i._printf_pre_padding)
    _printf_pre_padding                      0x08003cb9   Thumb Code    46  printfa.o(i._printf_pre_padding)
    i._sputc                                 0x08003ce6   Section        0  printfa.o(i._sputc)
    _sputc                                   0x08003ce7   Thumb Code    10  printfa.o(i._sputc)
    i.atof                                   0x08003cf0   Section        0  atof.o(i.atof)
    i.main                                   0x08003d1c   Section        0  main.o(i.main)
    i.pressureCalcParam                      0x08004014   Section        0  pressurereceive.o(i.pressureCalcParam)
    i.pressureReceive                        0x0800415c   Section        0  pressurereceive.o(i.pressureReceive)
    i.readMCP3553                            0x08004438   Section        0  mcp3553.o(i.readMCP3553)
    i.set_value_from_UART                    0x080044dc   Section        0  main.o(i.set_value_from_UART)
    i.sinf                                   0x08004684   Section        0  sinf.o(i.sinf)
    i.sspi_r                                 0x0800480c   Section        0  sspi.o(i.sspi_r)
    i.sspi_receive                           0x08004868   Section        0  sspi.o(i.sspi_receive)
    .constdata                               0x08004882   Section       16  system_stm32f1xx_1.o(.constdata)
    .constdata                               0x08004892   Section        8  system_stm32f1xx_1.o(.constdata)
    .constdata                               0x0800489c   Section       32  rredf.o(.constdata)
    twooverpi                                0x0800489c   Data          32  rredf.o(.constdata)
    .constdata                               0x080048bc   Section      129  ctype_o.o(.constdata)
    .constdata                               0x08004940   Section        4  ctype_o.o(.constdata)
    table                                    0x08004940   Data           4  ctype_o.o(.constdata)
    .data                                    0x20000000   Section       28  pid.o(.data)
    .data                                    0x2000001c   Section       60  main.o(.data)
    .data                                    0x20000058   Section       12  stm32f1xx_hal.o(.data)
    .data                                    0x20000064   Section        4  system_stm32f1xx_1.o(.data)
    .data                                    0x20000068   Section        4  errno.o(.data)
    _errno                                   0x20000068   Data           4  errno.o(.data)
    .bss                                     0x2000006c   Section      388  main.o(.bss)
    STACK                                    0x200001f0   Section     1024  startup_stm32f103x6.o(STACK)

    Global Symbols

    Symbol Name                              Value     Ov Type        Size  Object(Section)

    BuildAttributes$$THM_ISAv4$P$D$K$B$S$PE$A:L22UL41UL21$X:L11$S22US41US21$IEEE1$IW$USESV6$~STKCKD$USESV7$~SHL$OTIME$ROPI$IEEEX$EBA8$MICROLIB$REQ8$PRES8$EABIv2 0x00000000   Number         0  anon$$obj.o ABSOLUTE
    __ARM_use_no_argv                        0x00000000   Number         0  main.o ABSOLUTE
    _printf_a                                0x00000000   Number         0  stubs.o ABSOLUTE
    _printf_c                                0x00000000   Number         0  stubs.o ABSOLUTE
    _printf_charcount                        0x00000000   Number         0  stubs.o ABSOLUTE
    _printf_d                                0x00000000   Number         0  stubs.o ABSOLUTE
    _printf_e                                0x00000000   Number         0  stubs.o ABSOLUTE
    _printf_f                                0x00000000   Number         0  stubs.o ABSOLUTE
    _printf_flags                            0x00000000   Number         0  stubs.o ABSOLUTE
    _printf_fp_dec                           0x00000000   Number         0  stubs.o ABSOLUTE
    _printf_fp_hex                           0x00000000   Number         0  stubs.o ABSOLUTE
    _printf_g                                0x00000000   Number         0  stubs.o ABSOLUTE
    _printf_i                                0x00000000   Number         0  stubs.o ABSOLUTE
    _printf_int_dec                          0x00000000   Number         0  stubs.o ABSOLUTE
    _printf_l                                0x00000000   Number         0  stubs.o ABSOLUTE
    _printf_lc                               0x00000000   Number         0  stubs.o ABSOLUTE
    _printf_ll                               0x00000000   Number         0  stubs.o ABSOLUTE
    _printf_lld                              0x00000000   Number         0  stubs.o ABSOLUTE
    _printf_lli                              0x00000000   Number         0  stubs.o ABSOLUTE
    _printf_llo                              0x00000000   Number         0  stubs.o ABSOLUTE
    _printf_llu                              0x00000000   Number         0  stubs.o ABSOLUTE
    _printf_llx                              0x00000000   Number         0  stubs.o ABSOLUTE
    _printf_longlong_dec                     0x00000000   Number         0  stubs.o ABSOLUTE
    _printf_longlong_hex                     0x00000000   Number         0  stubs.o ABSOLUTE
    _printf_longlong_oct                     0x00000000   Number         0  stubs.o ABSOLUTE
    _printf_ls                               0x00000000   Number         0  stubs.o ABSOLUTE
    _printf_mbtowc                           0x00000000   Number         0  stubs.o ABSOLUTE
    _printf_n                                0x00000000   Number         0  stubs.o ABSOLUTE
    _printf_o                                0x00000000   Number         0  stubs.o ABSOLUTE
    _printf_p                                0x00000000   Number         0  stubs.o ABSOLUTE
    _printf_percent                          0x00000000   Number         0  stubs.o ABSOLUTE
    _printf_pre_padding                      0x00000000   Number         0  stubs.o ABSOLUTE
    _printf_return_value                     0x00000000   Number         0  stubs.o ABSOLUTE
    _printf_s                                0x00000000   Number         0  stubs.o ABSOLUTE
    _printf_sizespec                         0x00000000   Number         0  stubs.o ABSOLUTE
    _printf_str                              0x00000000   Number         0  stubs.o ABSOLUTE
    _printf_truncate_signed                  0x00000000   Number         0  stubs.o ABSOLUTE
    _printf_truncate_unsigned                0x00000000   Number         0  stubs.o ABSOLUTE
    _printf_u                                0x00000000   Number         0  stubs.o ABSOLUTE
    _printf_wc                               0x00000000   Number         0  stubs.o ABSOLUTE
    _printf_wctomb                           0x00000000   Number         0  stubs.o ABSOLUTE
    _printf_widthprec                        0x00000000   Number         0  stubs.o ABSOLUTE
    _printf_x                                0x00000000   Number         0  stubs.o ABSOLUTE
    __arm_fini_                               - Undefined Weak Reference
    __cpp_initialize__aeabi_                  - Undefined Weak Reference
    __cxa_finalize                            - Undefined Weak Reference
    __decompress                              - Undefined Weak Reference
    _clock_init                               - Undefined Weak Reference
    _microlib_exit                            - Undefined Weak Reference
    __Vectors_Size                           0x000000ec   Number         0  startup_stm32f103x6.o ABSOLUTE
    __Vectors                                0x08000000   Data           4  startup_stm32f103x6.o(RESET)
    __Vectors_End                            0x080000ec   Data           0  startup_stm32f103x6.o(RESET)
    __main                                   0x080000ed   Thumb Code     0  entry.o(.ARM.Collect$$$$00000000)
    _main_stk                                0x080000ed   Thumb Code     0  entry2.o(.ARM.Collect$$$$00000001)
    _main_scatterload                        0x080000f1   Thumb Code     0  entry5.o(.ARM.Collect$$$$00000004)
    __main_after_scatterload                 0x080000f5   Thumb Code     0  entry5.o(.ARM.Collect$$$$00000004)
    _main_clock                              0x080000f5   Thumb Code     0  entry7b.o(.ARM.Collect$$$$00000008)
    _main_cpp_init                           0x080000f5   Thumb Code     0  entry8b.o(.ARM.Collect$$$$0000000A)
    _main_init                               0x080000f5   Thumb Code     0  entry9a.o(.ARM.Collect$$$$0000000B)
    __rt_lib_shutdown_fini                   0x080000fd   Thumb Code     0  entry12b.o(.ARM.Collect$$$$0000000E)
    __rt_final_cpp                           0x08000101   Thumb Code     0  entry10a.o(.ARM.Collect$$$$0000000F)
    __rt_final_exit                          0x08000101   Thumb Code     0  entry11a.o(.ARM.Collect$$$$00000011)
    Reset_Handler                            0x08000105   Thumb Code     8  startup_stm32f103x6.o(.text)
    ADC1_2_IRQHandler                        0x0800011f   Thumb Code     0  startup_stm32f103x6.o(.text)
    CAN1_RX1_IRQHandler                      0x0800011f   Thumb Code     0  startup_stm32f103x6.o(.text)
    CAN1_SCE_IRQHandler                      0x0800011f   Thumb Code     0  startup_stm32f103x6.o(.text)
    DMA1_Channel1_IRQHandler                 0x0800011f   Thumb Code     0  startup_stm32f103x6.o(.text)
    DMA1_Channel2_IRQHandler                 0x0800011f   Thumb Code     0  startup_stm32f103x6.o(.text)
    DMA1_Channel3_IRQHandler                 0x0800011f   Thumb Code     0  startup_stm32f103x6.o(.text)
    DMA1_Channel4_IRQHandler                 0x0800011f   Thumb Code     0  startup_stm32f103x6.o(.text)
    DMA1_Channel5_IRQHandler                 0x0800011f   Thumb Code     0  startup_stm32f103x6.o(.text)
    DMA1_Channel6_IRQHandler                 0x0800011f   Thumb Code     0  startup_stm32f103x6.o(.text)
    DMA1_Channel7_IRQHandler                 0x0800011f   Thumb Code     0  startup_stm32f103x6.o(.text)
    EXTI0_IRQHandler                         0x0800011f   Thumb Code     0  startup_stm32f103x6.o(.text)
    EXTI1_IRQHandler                         0x0800011f   Thumb Code     0  startup_stm32f103x6.o(.text)
    EXTI2_IRQHandler                         0x0800011f   Thumb Code     0  startup_stm32f103x6.o(.text)
    EXTI3_IRQHandler                         0x0800011f   Thumb Code     0  startup_stm32f103x6.o(.text)
    EXTI9_5_IRQHandler                       0x0800011f   Thumb Code     0  startup_stm32f103x6.o(.text)
    FLASH_IRQHandler                         0x0800011f   Thumb Code     0  startup_stm32f103x6.o(.text)
    I2C1_ER_IRQHandler                       0x0800011f   Thumb Code     0  startup_stm32f103x6.o(.text)
    I2C1_EV_IRQHandler                       0x0800011f   Thumb Code     0  startup_stm32f103x6.o(.text)
    PVD_IRQHandler                           0x0800011f   Thumb Code     0  startup_stm32f103x6.o(.text)
    RCC_IRQHandler                           0x0800011f   Thumb Code     0  startup_stm32f103x6.o(.text)
    RTC_Alarm_IRQHandler                     0x0800011f   Thumb Code     0  startup_stm32f103x6.o(.text)
    RTC_IRQHandler                           0x0800011f   Thumb Code     0  startup_stm32f103x6.o(.text)
    SPI1_IRQHandler                          0x0800011f   Thumb Code     0  startup_stm32f103x6.o(.text)
    TAMPER_IRQHandler                        0x0800011f   Thumb Code     0  startup_stm32f103x6.o(.text)
    TIM1_BRK_IRQHandler                      0x0800011f   Thumb Code     0  startup_stm32f103x6.o(.text)
    TIM1_CC_IRQHandler                       0x0800011f   Thumb Code     0  startup_stm32f103x6.o(.text)
    TIM1_TRG_COM_IRQHandler                  0x0800011f   Thumb Code     0  startup_stm32f103x6.o(.text)
    USART2_IRQHandler                        0x0800011f   Thumb Code     0  startup_stm32f103x6.o(.text)
    USBWakeUp_IRQHandler                     0x0800011f   Thumb Code     0  startup_stm32f103x6.o(.text)
    USB_HP_CAN1_TX_IRQHandler                0x0800011f   Thumb Code     0  startup_stm32f103x6.o(.text)
    USB_LP_CAN1_RX0_IRQHandler               0x0800011f   Thumb Code     0  startup_stm32f103x6.o(.text)
    WWDG_IRQHandler                          0x0800011f   Thumb Code     0  startup_stm32f103x6.o(.text)
    __aeabi_llsr                             0x08000129   Thumb Code    32  llushr.o(.text)
    _ll_ushift_r                             0x08000129   Thumb Code     0  llushr.o(.text)
    __aeabi_memcpy                           0x08000149   Thumb Code    36  memcpya.o(.text)
    __aeabi_memcpy4                          0x08000149   Thumb Code     0  memcpya.o(.text)
    __aeabi_memcpy8                          0x08000149   Thumb Code     0  memcpya.o(.text)
    __aeabi_memset                           0x0800016d   Thumb Code    14  memseta.o(.text)
    __aeabi_memset4                          0x0800016d   Thumb Code     0  memseta.o(.text)
    __aeabi_memset8                          0x0800016d   Thumb Code     0  memseta.o(.text)
    __aeabi_memclr                           0x0800017b   Thumb Code     4  memseta.o(.text)
    __aeabi_memclr4                          0x0800017b   Thumb Code     0  memseta.o(.text)
    __aeabi_memclr8                          0x0800017b   Thumb Code     0  memseta.o(.text)
    _memset$wrapper                          0x0800017f   Thumb Code    18  memseta.o(.text)
    strchr                                   0x08000191   Thumb Code    20  strchr.o(.text)
    strlen                                   0x080001a5   Thumb Code    14  strlen.o(.text)
    __aeabi_fadd                             0x080001b3   Thumb Code   164  fadd.o(.text)
    __aeabi_fsub                             0x08000257   Thumb Code     6  fadd.o(.text)
    __aeabi_frsub                            0x0800025d   Thumb Code     6  fadd.o(.text)
    __aeabi_fmul                             0x08000263   Thumb Code   100  fmul.o(.text)
    __aeabi_fdiv                             0x080002c7   Thumb Code   124  fdiv.o(.text)
    __ARM_scalbnf                            0x08000343   Thumb Code    24  fscalb.o(.text)
    scalbnf                                  0x08000343   Thumb Code     0  fscalb.o(.text)
    __aeabi_dadd                             0x0800035b   Thumb Code   322  dadd.o(.text)
    __aeabi_dsub                             0x0800049d   Thumb Code     6  dadd.o(.text)
    __aeabi_drsub                            0x080004a3   Thumb Code     6  dadd.o(.text)
    __aeabi_dmul                             0x080004a9   Thumb Code   228  dmul.o(.text)
    __aeabi_ddiv                             0x0800058d   Thumb Code   222  ddiv.o(.text)
    __ARM_scalbn                             0x0800066b   Thumb Code    46  dscalb.o(.text)
    scalbn                                   0x0800066b   Thumb Code     0  dscalb.o(.text)
    __aeabi_i2f                              0x08000699   Thumb Code    18  fflti.o(.text)
    __aeabi_ui2f                             0x080006ab   Thumb Code    10  ffltui.o(.text)
    __aeabi_ui2d                             0x080006b5   Thumb Code    26  dfltui.o(.text)
    __aeabi_f2iz                             0x080006cf   Thumb Code    50  ffixi.o(.text)
    __aeabi_f2uiz                            0x08000701   Thumb Code    40  ffixui.o(.text)
    __aeabi_f2d                              0x08000729   Thumb Code    38  f2d.o(.text)
    __aeabi_cdcmpeq                          0x08000751   Thumb Code     0  cdcmple.o(.text)
    __aeabi_cdcmple                          0x08000751   Thumb Code    48  cdcmple.o(.text)
    __aeabi_d2f                              0x08000781   Thumb Code    56  d2f.o(.text)
    __aeabi_cfcmpeq                          0x080007b9   Thumb Code     0  cfcmple.o(.text)
    __aeabi_cfcmple                          0x080007b9   Thumb Code    20  cfcmple.o(.text)
    __aeabi_cfrcmple                         0x080007cd   Thumb Code    20  cfrcmple.o(.text)
    __aeabi_uidiv                            0x080007e1   Thumb Code     0  uidiv.o(.text)
    __aeabi_uidivmod                         0x080007e1   Thumb Code    44  uidiv.o(.text)
    __aeabi_uldivmod                         0x0800080d   Thumb Code    98  uldiv.o(.text)
    __aeabi_llsl                             0x0800086f   Thumb Code    30  llshl.o(.text)
    _ll_shift_l                              0x0800086f   Thumb Code     0  llshl.o(.text)
    __aeabi_lasr                             0x0800088d   Thumb Code    36  llsshr.o(.text)
    _ll_sshift_r                             0x0800088d   Thumb Code     0  llsshr.o(.text)
    __strtod_int                             0x080008e7   Thumb Code    90  strtod.o(.text)
    __I$use$fp                               0x0800094d   Thumb Code     0  iusefp.o(.text)
    _float_round                             0x0800094d   Thumb Code    18  fepilogue.o(.text)
    _float_epilogue                          0x0800095f   Thumb Code    92  fepilogue.o(.text)
    _frnd                                    0x080009bb   Thumb Code    60  frnd.o(.text)
    _double_round                            0x080009f7   Thumb Code    30  depilogue.o(.text)
    _double_epilogue                         0x08000a15   Thumb Code   156  depilogue.o(.text)
    __aeabi_d2ulz                            0x08000ab1   Thumb Code    48  dfixul.o(.text)
    __aeabi_cdrcmple                         0x08000ae1   Thumb Code    48  cdrcmple.o(.text)
    __scatterload                            0x08000b11   Thumb Code    28  init.o(.text)
    __scatterload_rt2                        0x08000b11   Thumb Code     0  init.o(.text)
    __rt_ctype_table                         0x08000b35   Thumb Code     4  ctype_o.o(.text)
    isspace                                  0x08000b3d   Thumb Code    18  isspace_o.o(.text)
    _scanf_real                              0x08000c79   Thumb Code     0  scanf_fp.o(.text)
    _scanf_really_real                       0x08000c79   Thumb Code   556  scanf_fp.o(.text)
    _sgetc                                   0x08000eb1   Thumb Code    30  _sgetc.o(.text)
    _sbackspace                              0x08000ecf   Thumb Code    34  _sgetc.o(.text)
    __aeabi_ul2d                             0x08000ef1   Thumb Code    24  dfltul.o(.text)
    BusFault_Handler                         0x08000f09   Thumb Code     2  stm32f1xx_it.o(i.BusFault_Handler)
    DebugMon_Handler                         0x08000f0b   Thumb Code     2  stm32f1xx_it.o(i.DebugMon_Handler)
    EXTI15_10_IRQHandler                     0x08000f0d   Thumb Code    22  stm32f1xx_it.o(i.EXTI15_10_IRQHandler)
    EXTI4_IRQHandler                         0x08000f23   Thumb Code     6  stm32f1xx_it.o(i.EXTI4_IRQHandler)
    HAL_DMA_Abort                            0x08000f29   Thumb Code    70  stm32f1xx_hal_dma.o(i.HAL_DMA_Abort)
    HAL_DMA_Abort_IT                         0x08000f71   Thumb Code   148  stm32f1xx_hal_dma.o(i.HAL_DMA_Abort_IT)
    HAL_Delay                                0x08001009   Thumb Code    32  stm32f1xx_hal.o(i.HAL_Delay)
    HAL_GPIO_EXTI_Callback                   0x0800102d   Thumb Code   150  main.o(i.HAL_GPIO_EXTI_Callback)
    HAL_GPIO_EXTI_IRQHandler                 0x080010d5   Thumb Code    18  stm32f1xx_hal_gpio.o(i.HAL_GPIO_EXTI_IRQHandler)
    HAL_GPIO_Init                            0x080010ed   Thumb Code   412  stm32f1xx_hal_gpio.o(i.HAL_GPIO_Init)
    HAL_GPIO_ReadPin                         0x080012a5   Thumb Code    10  stm32f1xx_hal_gpio.o(i.HAL_GPIO_ReadPin)
    HAL_GPIO_WritePin                        0x080012af   Thumb Code    10  stm32f1xx_hal_gpio.o(i.HAL_GPIO_WritePin)
    HAL_GetTick                              0x080012b9   Thumb Code     6  stm32f1xx_hal.o(i.HAL_GetTick)
    HAL_IncTick                              0x080012c5   Thumb Code    12  stm32f1xx_hal.o(i.HAL_IncTick)
    HAL_Init                                 0x080012d5   Thumb Code    32  stm32f1xx_hal.o(i.HAL_Init)
    HAL_InitTick                             0x080012f9   Thumb Code    54  stm32f1xx_hal.o(i.HAL_InitTick)
    HAL_MspInit                              0x08001339   Thumb Code    52  stm32f1xx_hal_msp.o(i.HAL_MspInit)
    HAL_NVIC_EnableIRQ                       0x08001375   Thumb Code    26  stm32f1xx_hal_cortex.o(i.HAL_NVIC_EnableIRQ)
    HAL_NVIC_SetPriority                     0x08001391   Thumb Code    60  stm32f1xx_hal_cortex.o(i.HAL_NVIC_SetPriority)
    HAL_NVIC_SetPriorityGrouping             0x080013d1   Thumb Code    26  stm32f1xx_hal_cortex.o(i.HAL_NVIC_SetPriorityGrouping)
    HAL_RCC_ClockConfig                      0x080013f5   Thumb Code   292  stm32f1xx_hal_rcc.o(i.HAL_RCC_ClockConfig)
    HAL_RCC_GetPCLK1Freq                     0x0800152d   Thumb Code    20  stm32f1xx_hal_rcc.o(i.HAL_RCC_GetPCLK1Freq)
    HAL_RCC_GetPCLK2Freq                     0x0800154d   Thumb Code    20  stm32f1xx_hal_rcc.o(i.HAL_RCC_GetPCLK2Freq)
    HAL_RCC_GetSysClockFreq                  0x0800156d   Thumb Code    74  stm32f1xx_hal_rcc.o(i.HAL_RCC_GetSysClockFreq)
    HAL_RCC_OscConfig                        0x080015d9   Thumb Code   770  stm32f1xx_hal_rcc.o(i.HAL_RCC_OscConfig)
    HAL_SYSTICK_Config                       0x080018f1   Thumb Code    40  stm32f1xx_hal_cortex.o(i.HAL_SYSTICK_Config)
    HAL_TIMEx_BreakCallback                  0x08001919   Thumb Code     2  stm32f1xx_hal_tim_ex.o(i.HAL_TIMEx_BreakCallback)
    HAL_TIMEx_CommutCallback                 0x0800191b   Thumb Code     2  stm32f1xx_hal_tim_ex.o(i.HAL_TIMEx_CommutCallback)
    HAL_TIMEx_MasterConfigSynchronization    0x0800191d   Thumb Code    86  stm32f1xx_hal_tim_ex.o(i.HAL_TIMEx_MasterConfigSynchronization)
    HAL_TIM_Base_Init                        0x0800197d   Thumb Code    90  stm32f1xx_hal_tim.o(i.HAL_TIM_Base_Init)
    HAL_TIM_Base_MspInit                     0x080019d9   Thumb Code   192  stm32f1xx_hal_msp.o(i.HAL_TIM_Base_MspInit)
    HAL_TIM_Base_Start_IT                    0x08001aad   Thumb Code    70  stm32f1xx_hal_tim.o(i.HAL_TIM_Base_Start_IT)
    HAL_TIM_ConfigClockSource                0x08001afd   Thumb Code   214  stm32f1xx_hal_tim.o(i.HAL_TIM_ConfigClockSource)
    HAL_TIM_ConfigTI1Input                   0x08001bd3   Thumb Code    16  stm32f1xx_hal_tim.o(i.HAL_TIM_ConfigTI1Input)
    HAL_TIM_IC_CaptureCallback               0x08001be5   Thumb Code    72  main.o(i.HAL_TIM_IC_CaptureCallback)
    HAL_TIM_IC_ConfigChannel                 0x08001c39   Thumb Code   270  stm32f1xx_hal_tim.o(i.HAL_TIM_IC_ConfigChannel)
    HAL_TIM_IC_Init                          0x08001d47   Thumb Code    90  stm32f1xx_hal_tim.o(i.HAL_TIM_IC_Init)
    HAL_TIM_IC_MspInit                       0x08001da1   Thumb Code     2  stm32f1xx_hal_tim.o(i.HAL_TIM_IC_MspInit)
    HAL_TIM_IC_Start_IT                      0x08001da5   Thumb Code   238  stm32f1xx_hal_tim.o(i.HAL_TIM_IC_Start_IT)
    HAL_TIM_IRQHandler                       0x08001e9d   Thumb Code   358  stm32f1xx_hal_tim.o(i.HAL_TIM_IRQHandler)
    HAL_TIM_MspPostInit                      0x08002005   Thumb Code    62  stm32f1xx_hal_msp.o(i.HAL_TIM_MspPostInit)
    HAL_TIM_OC_DelayElapsedCallback          0x0800204d   Thumb Code     2  stm32f1xx_hal_tim.o(i.HAL_TIM_OC_DelayElapsedCallback)
    HAL_TIM_PWM_ConfigChannel                0x0800204f   Thumb Code   198  stm32f1xx_hal_tim.o(i.HAL_TIM_PWM_ConfigChannel)
    HAL_TIM_PWM_Init                         0x08002115   Thumb Code    90  stm32f1xx_hal_tim.o(i.HAL_TIM_PWM_Init)
    HAL_TIM_PWM_MspInit                      0x0800216f   Thumb Code     2  stm32f1xx_hal_tim.o(i.HAL_TIM_PWM_MspInit)
    HAL_TIM_PWM_PulseFinishedCallback        0x08002171   Thumb Code     2  stm32f1xx_hal_tim.o(i.HAL_TIM_PWM_PulseFinishedCallback)
    HAL_TIM_PWM_Start                        0x08002175   Thumb Code   142  stm32f1xx_hal_tim.o(i.HAL_TIM_PWM_Start)
    HAL_TIM_PeriodElapsedCallback            0x0800220d   Thumb Code   246  main.o(i.HAL_TIM_PeriodElapsedCallback)
    HAL_TIM_ReadCapturedValue                0x08002349   Thumb Code    42  stm32f1xx_hal_tim.o(i.HAL_TIM_ReadCapturedValue)
    HAL_TIM_TriggerCallback                  0x08002373   Thumb Code     2  stm32f1xx_hal_tim.o(i.HAL_TIM_TriggerCallback)
    HAL_UARTEx_RxEventCallback               0x08002375   Thumb Code     2  stm32f1xx_hal_uart.o(i.HAL_UARTEx_RxEventCallback)
    HAL_UART_ErrorCallback                   0x08002377   Thumb Code     2  stm32f1xx_hal_uart.o(i.HAL_UART_ErrorCallback)
    HAL_UART_IRQHandler                      0x08002379   Thumb Code   520  stm32f1xx_hal_uart.o(i.HAL_UART_IRQHandler)
    HAL_UART_Init                            0x08002585   Thumb Code    98  stm32f1xx_hal_uart.o(i.HAL_UART_Init)
    HAL_UART_MspInit                         0x080025e9   Thumb Code   116  stm32f1xx_hal_msp.o(i.HAL_UART_MspInit)
    HAL_UART_Receive_IT                      0x08002669   Thumb Code    42  stm32f1xx_hal_uart.o(i.HAL_UART_Receive_IT)
    HAL_UART_RxCpltCallback                  0x08002695   Thumb Code    80  main.o(i.HAL_UART_RxCpltCallback)
    HAL_UART_Transmit                        0x080026ed   Thumb Code   176  stm32f1xx_hal_uart.o(i.HAL_UART_Transmit)
    HAL_UART_TxCpltCallback                  0x0800279d   Thumb Code     2  stm32f1xx_hal_uart.o(i.HAL_UART_TxCpltCallback)
    HardFault_Handler                        0x0800279f   Thumb Code     2  stm32f1xx_it.o(i.HardFault_Handler)
    MemManage_Handler                        0x08002aa9   Thumb Code     2  stm32f1xx_it.o(i.MemManage_Handler)
    NMI_Handler                              0x08002aab   Thumb Code     2  stm32f1xx_it.o(i.NMI_Handler)
    PID_Pressure_Calc                        0x08002aad   Thumb Code   246  pid.o(i.PID_Pressure_Calc)
    PID_Speed_Calc                           0x08002bcd   Thumb Code   180  pid.o(i.PID_Speed_Calc)
    PendSV_Handler                           0x08002c89   Thumb Code     2  stm32f1xx_it.o(i.PendSV_Handler)
    SVC_Handler                              0x08002c8b   Thumb Code     2  stm32f1xx_it.o(i.SVC_Handler)
    SysTick_Handler                          0x08002c8d   Thumb Code     4  stm32f1xx_it.o(i.SysTick_Handler)
    SystemClock_Config                       0x08002c91   Thumb Code    92  main.o(i.SystemClock_Config)
    SystemInit                               0x08002ced   Thumb Code     2  system_stm32f1xx_1.o(i.SystemInit)
    TIM1_UP_IRQHandler                       0x08002cf1   Thumb Code     6  stm32f1xx_it.o(i.TIM1_UP_IRQHandler)
    TIM2_IRQHandler                          0x08002cfd   Thumb Code     6  stm32f1xx_it.o(i.TIM2_IRQHandler)
    TIM3_IRQHandler                          0x08002d09   Thumb Code     6  stm32f1xx_it.o(i.TIM3_IRQHandler)
    TIM_Base_SetConfig                       0x08002d15   Thumb Code    84  stm32f1xx_hal_tim.o(i.TIM_Base_SetConfig)
    TIM_CCxChannelCmd                        0x08002d71   Thumb Code    26  stm32f1xx_hal_tim.o(i.TIM_CCxChannelCmd)
    TIM_ETR_SetConfig                        0x08002d8b   Thumb Code    20  stm32f1xx_hal_tim.o(i.TIM_ETR_SetConfig)
    TIM_OC2_SetConfig                        0x08002e09   Thumb Code    86  stm32f1xx_hal_tim.o(i.TIM_OC2_SetConfig)
    TIM_TI1_SetConfig                        0x08002f25   Thumb Code    70  stm32f1xx_hal_tim.o(i.TIM_TI1_SetConfig)
    UART_Start_Receive_IT                    0x0800317d   Thumb Code    54  stm32f1xx_hal_uart.o(i.UART_Start_Receive_IT)
    USART1_IRQHandler                        0x08003215   Thumb Code     6  stm32f1xx_it.o(i.USART1_IRQHandler)
    UsageFault_Handler                       0x08003221   Thumb Code     2  stm32f1xx_it.o(i.UsageFault_Handler)
    __0sprintf                               0x08003225   Thumb Code    34  printfa.o(i.__0sprintf)
    __1sprintf                               0x08003225   Thumb Code     0  printfa.o(i.__0sprintf)
    __2sprintf                               0x08003225   Thumb Code     0  printfa.o(i.__0sprintf)
    __c89sprintf                             0x08003225   Thumb Code     0  printfa.o(i.__0sprintf)
    sprintf                                  0x08003225   Thumb Code     0  printfa.o(i.__0sprintf)
    __ARM_fpclassifyf                        0x0800324d   Thumb Code    38  fpclassifyf.o(i.__ARM_fpclassifyf)
    __mathlib_flt_infnan                     0x08003293   Thumb Code     6  funder.o(i.__mathlib_flt_infnan)
    __mathlib_flt_invalid                    0x08003299   Thumb Code     8  funder.o(i.__mathlib_flt_invalid)
    __mathlib_flt_underflow                  0x080032a1   Thumb Code    10  funder.o(i.__mathlib_flt_underflow)
    __mathlib_rredf2                         0x080032ad   Thumb Code   344  rredf.o(i.__mathlib_rredf2)
    __read_errno                             0x08003415   Thumb Code     6  errno.o(i.__read_errno)
    __scatterload_copy                       0x08003421   Thumb Code    14  handlers.o(i.__scatterload_copy)
    __scatterload_null                       0x0800342f   Thumb Code     2  handlers.o(i.__scatterload_null)
    __scatterload_zeroinit                   0x08003431   Thumb Code    14  handlers.o(i.__scatterload_zeroinit)
    __set_errno                              0x08003441   Thumb Code     6  errno.o(i.__set_errno)
    _is_digit                                0x080035d1   Thumb Code    14  scanf_fp.o(i._is_digit)
    atof                                     0x08003cf1   Thumb Code    42  atof.o(i.atof)
    main                                     0x08003d1d   Thumb Code   718  main.o(i.main)
    pressureCalcParam                        0x08004015   Thumb Code   326  pressurereceive.o(i.pressureCalcParam)
    pressureReceive                          0x0800415d   Thumb Code   696  pressurereceive.o(i.pressureReceive)
    readMCP3553                              0x08004439   Thumb Code   154  mcp3553.o(i.readMCP3553)
    set_value_from_UART                      0x080044dd   Thumb Code   372  main.o(i.set_value_from_UART)
    sinf                                     0x08004685   Thumb Code   338  sinf.o(i.sinf)
    sspi_r                                   0x0800480d   Thumb Code    84  sspi.o(i.sspi_r)
    sspi_receive                             0x08004869   Thumb Code    26  sspi.o(i.sspi_receive)
    AHBPrescTable                            0x08004882   Data          16  system_stm32f1xx_1.o(.constdata)
    APBPrescTable                            0x08004892   Data           8  system_stm32f1xx_1.o(.constdata)
    __ctype_table                            0x080048bc   Data         129  ctype_o.o(.constdata)
    Region$$Table$$Base                      0x08004944   Number         0  anon$$obj.o(Region$$Table)
    Region$$Table$$Limit                     0x08004964   Number         0  anon$$obj.o(Region$$Table)
    timerPID_pres                            0x20000000   Data           4  pid.o(.data)
    last_error_pres                          0x20000004   Data           4  pid.o(.data)
    integrated_error_pres                    0x20000008   Data           4  pid.o(.data)
    timerPID_pres_speed                      0x2000000c   Data           4  pid.o(.data)
    last_error_pres_speed                    0x20000010   Data           4  pid.o(.data)
    integrated_error_pres_speed              0x20000014   Data           4  pid.o(.data)
    delta                                    0x20000018   Data           4  pid.o(.data)
    rx_index                                 0x2000001c   Data           1  main.o(.data)
    flag_value                               0x2000001d   Data           1  main.o(.data)
    flag_auto                                0x2000001e   Data           1  main.o(.data)
    flag_speed                               0x2000001f   Data           1  main.o(.data)
    flag_back                                0x20000020   Data           1  main.o(.data)
    change_speed                             0x20000021   Data           1  main.o(.data)
    count                                    0x20000022   Data           1  main.o(.data)
    rx_data                                  0x20000023   Data           1  main.o(.data)
    pwm                                      0x20000024   Data           2  main.o(.data)
    pressure                                 0x20000028   Data           4  main.o(.data)
    Difference                               0x2000002c   Data           4  main.o(.data)
    frequency                                0x20000030   Data           4  main.o(.data)
    frequencyCalc                            0x20000034   Data           4  main.o(.data)
    pressureCalc                             0x20000038   Data           4  main.o(.data)
    timeStart                                0x2000003c   Data           4  main.o(.data)
    PID_PRESSURE                             0x20000040   Data          12  main.o(.data)
    PID_SPEED                                0x2000004c   Data          12  main.o(.data)
    uwTickFreq                               0x20000058   Data           1  stm32f1xx_hal.o(.data)
    uwTickPrio                               0x2000005c   Data           4  stm32f1xx_hal.o(.data)
    uwTick                                   0x20000060   Data           4  stm32f1xx_hal.o(.data)
    SystemCoreClock                          0x20000064   Data           4  system_stm32f1xx_1.o(.data)
    htim1                                    0x2000006c   Data          72  main.o(.bss)
    htim2                                    0x200000b4   Data          72  main.o(.bss)
    htim3                                    0x200000fc   Data          72  main.o(.bss)
    huart1                                   0x20000144   Data          68  main.o(.bss)
    Txdata                                   0x20000188   Data          50  main.o(.bss)
    rx_buffer                                0x200001ba   Data          30  main.o(.bss)
    pressureParam                            0x200001d8   Data          24  main.o(.bss)
    __initial_sp                             0x200005f0   Data           0  startup_stm32f103x6.o(STACK)



==============================================================================

Memory Map of the image

  Image Entry point : 0x080000ed

  Load Region LR_IROM1 (Base: 0x08000000, Size: 0x000049d0, Max: 0x00008000, ABSOLUTE)

    Execution Region ER_IROM1 (Exec base: 0x08000000, Load base: 0x08000000, Size: 0x00004964, Max: 0x00008000, ABSOLUTE)

    Exec Addr    Load Addr    Size         Type   Attr      Idx    E Section Name        Object

    0x08000000   0x08000000   0x000000ec   Data   RO            3    RESET               startup_stm32f103x6.o
    0x080000ec   0x080000ec   0x00000000   Code   RO         2907  * .ARM.Collect$$$$00000000  mc_w.l(entry.o)
    0x080000ec   0x080000ec   0x00000004   Code   RO         3267    .ARM.Collect$$$$00000001  mc_w.l(entry2.o)
    0x080000f0   0x080000f0   0x00000004   Code   RO         3270    .ARM.Collect$$$$00000004  mc_w.l(entry5.o)
    0x080000f4   0x080000f4   0x00000000   Code   RO         3272    .ARM.Collect$$$$00000008  mc_w.l(entry7b.o)
    0x080000f4   0x080000f4   0x00000000   Code   RO         3274    .ARM.Collect$$$$0000000A  mc_w.l(entry8b.o)
    0x080000f4   0x080000f4   0x00000008   Code   RO         3275    .ARM.Collect$$$$0000000B  mc_w.l(entry9a.o)
    0x080000fc   0x080000fc   0x00000004   Code   RO         3282    .ARM.Collect$$$$0000000E  mc_w.l(entry12b.o)
    0x08000100   0x08000100   0x00000000   Code   RO         3277    .ARM.Collect$$$$0000000F  mc_w.l(entry10a.o)
    0x08000100   0x08000100   0x00000000   Code   RO         3279    .ARM.Collect$$$$00000011  mc_w.l(entry11a.o)
    0x08000100   0x08000100   0x00000004   Code   RO         3268    .ARM.Collect$$$$00002712  mc_w.l(entry2.o)
    0x08000104   0x08000104   0x00000024   Code   RO            4    .text               startup_stm32f103x6.o
    0x08000128   0x08000128   0x00000020   Code   RO         2910    .text               mc_w.l(llushr.o)
    0x08000148   0x08000148   0x00000024   Code   RO         2912    .text               mc_w.l(memcpya.o)
    0x0800016c   0x0800016c   0x00000024   Code   RO         2914    .text               mc_w.l(memseta.o)
    0x08000190   0x08000190   0x00000014   Code   RO         2916    .text               mc_w.l(strchr.o)
    0x080001a4   0x080001a4   0x0000000e   Code   RO         2918    .text               mc_w.l(strlen.o)
    0x080001b2   0x080001b2   0x000000b0   Code   RO         3185    .text               mf_w.l(fadd.o)
    0x08000262   0x08000262   0x00000064   Code   RO         3187    .text               mf_w.l(fmul.o)
    0x080002c6   0x080002c6   0x0000007c   Code   RO         3189    .text               mf_w.l(fdiv.o)
    0x08000342   0x08000342   0x00000018   Code   RO         3191    .text               mf_w.l(fscalb.o)
    0x0800035a   0x0800035a   0x0000014e   Code   RO         3193    .text               mf_w.l(dadd.o)
    0x080004a8   0x080004a8   0x000000e4   Code   RO         3195    .text               mf_w.l(dmul.o)
    0x0800058c   0x0800058c   0x000000de   Code   RO         3197    .text               mf_w.l(ddiv.o)
    0x0800066a   0x0800066a   0x0000002e   Code   RO         3199    .text               mf_w.l(dscalb.o)
    0x08000698   0x08000698   0x00000012   Code   RO         3201    .text               mf_w.l(fflti.o)
    0x080006aa   0x080006aa   0x0000000a   Code   RO         3203    .text               mf_w.l(ffltui.o)
    0x080006b4   0x080006b4   0x0000001a   Code   RO         3205    .text               mf_w.l(dfltui.o)
    0x080006ce   0x080006ce   0x00000032   Code   RO         3207    .text               mf_w.l(ffixi.o)
    0x08000700   0x08000700   0x00000028   Code   RO         3209    .text               mf_w.l(ffixui.o)
    0x08000728   0x08000728   0x00000026   Code   RO         3211    .text               mf_w.l(f2d.o)
    0x0800074e   0x0800074e   0x00000002   PAD
    0x08000750   0x08000750   0x00000030   Code   RO         3213    .text               mf_w.l(cdcmple.o)
    0x08000780   0x08000780   0x00000038   Code   RO         3215    .text               mf_w.l(d2f.o)
    0x080007b8   0x080007b8   0x00000014   Code   RO         3217    .text               mf_w.l(cfcmple.o)
    0x080007cc   0x080007cc   0x00000014   Code   RO         3219    .text               mf_w.l(cfrcmple.o)
    0x080007e0   0x080007e0   0x0000002c   Code   RO         3286    .text               mc_w.l(uidiv.o)
    0x0800080c   0x0800080c   0x00000062   Code   RO         3288    .text               mc_w.l(uldiv.o)
    0x0800086e   0x0800086e   0x0000001e   Code   RO         3290    .text               mc_w.l(llshl.o)
    0x0800088c   0x0800088c   0x00000024   Code   RO         3292    .text               mc_w.l(llsshr.o)
    0x080008b0   0x080008b0   0x0000009c   Code   RO         3301    .text               mc_w.l(strtod.o)
    0x0800094c   0x0800094c   0x00000000   Code   RO         3305    .text               mc_w.l(iusefp.o)
    0x0800094c   0x0800094c   0x0000006e   Code   RO         3306    .text               mf_w.l(fepilogue.o)
    0x080009ba   0x080009ba   0x0000003c   Code   RO         3308    .text               mf_w.l(frnd.o)
    0x080009f6   0x080009f6   0x000000ba   Code   RO         3310    .text               mf_w.l(depilogue.o)
    0x08000ab0   0x08000ab0   0x00000030   Code   RO         3314    .text               mf_w.l(dfixul.o)
    0x08000ae0   0x08000ae0   0x00000030   Code   RO         3316    .text               mf_w.l(cdrcmple.o)
    0x08000b10   0x08000b10   0x00000024   Code   RO         3318    .text               mc_w.l(init.o)
    0x08000b34   0x08000b34   0x00000008   Code   RO         3323    .text               mc_w.l(ctype_o.o)
    0x08000b3c   0x08000b3c   0x00000012   Code   RO         3345    .text               mc_w.l(isspace_o.o)
    0x08000b4e   0x08000b4e   0x00000002   PAD
    0x08000b50   0x08000b50   0x00000360   Code   RO         3351    .text               mc_w.l(scanf_fp.o)
    0x08000eb0   0x08000eb0   0x00000040   Code   RO         3355    .text               mc_w.l(_sgetc.o)
    0x08000ef0   0x08000ef0   0x00000018   Code   RO         3367    .text               mf_w.l(dfltul.o)
    0x08000f08   0x08000f08   0x00000002   Code   RO          353    i.BusFault_Handler  stm32f1xx_it.o
    0x08000f0a   0x08000f0a   0x00000002   Code   RO          354    i.DebugMon_Handler  stm32f1xx_it.o
    0x08000f0c   0x08000f0c   0x00000016   Code   RO          355    i.EXTI15_10_IRQHandler  stm32f1xx_it.o
    0x08000f22   0x08000f22   0x00000006   Code   RO          356    i.EXTI4_IRQHandler  stm32f1xx_it.o
    0x08000f28   0x08000f28   0x00000046   Code   RO         1907    i.HAL_DMA_Abort     stm32f1xx_hal_dma.o
    0x08000f6e   0x08000f6e   0x00000002   PAD
    0x08000f70   0x08000f70   0x00000098   Code   RO         1908    i.HAL_DMA_Abort_IT  stm32f1xx_hal_dma.o
    0x08001008   0x08001008   0x00000024   Code   RO         1535    i.HAL_Delay         stm32f1xx_hal.o
    0x0800102c   0x0800102c   0x000000a8   Code   RO          256    i.HAL_GPIO_EXTI_Callback  main.o
    0x080010d4   0x080010d4   0x00000018   Code   RO         1842    i.HAL_GPIO_EXTI_IRQHandler  stm32f1xx_hal_gpio.o
    0x080010ec   0x080010ec   0x000001b8   Code   RO         1843    i.HAL_GPIO_Init     stm32f1xx_hal_gpio.o
    0x080012a4   0x080012a4   0x0000000a   Code   RO         1845    i.HAL_GPIO_ReadPin  stm32f1xx_hal_gpio.o
    0x080012ae   0x080012ae   0x0000000a   Code   RO         1847    i.HAL_GPIO_WritePin  stm32f1xx_hal_gpio.o
    0x080012b8   0x080012b8   0x0000000c   Code   RO         1539    i.HAL_GetTick       stm32f1xx_hal.o
    0x080012c4   0x080012c4   0x00000010   Code   RO         1545    i.HAL_IncTick       stm32f1xx_hal.o
    0x080012d4   0x080012d4   0x00000024   Code   RO         1546    i.HAL_Init          stm32f1xx_hal.o
    0x080012f8   0x080012f8   0x00000040   Code   RO         1547    i.HAL_InitTick      stm32f1xx_hal.o
    0x08001338   0x08001338   0x0000003c   Code   RO          465    i.HAL_MspInit       stm32f1xx_hal_msp.o
    0x08001374   0x08001374   0x0000001a   Code   RO         2003    i.HAL_NVIC_EnableIRQ  stm32f1xx_hal_cortex.o
    0x0800138e   0x0800138e   0x00000002   PAD
    0x08001390   0x08001390   0x00000040   Code   RO         2009    i.HAL_NVIC_SetPriority  stm32f1xx_hal_cortex.o
    0x080013d0   0x080013d0   0x00000024   Code   RO         2010    i.HAL_NVIC_SetPriorityGrouping  stm32f1xx_hal_cortex.o
    0x080013f4   0x080013f4   0x00000138   Code   RO         1703    i.HAL_RCC_ClockConfig  stm32f1xx_hal_rcc.o
    0x0800152c   0x0800152c   0x00000020   Code   RO         1710    i.HAL_RCC_GetPCLK1Freq  stm32f1xx_hal_rcc.o
    0x0800154c   0x0800154c   0x00000020   Code   RO         1711    i.HAL_RCC_GetPCLK2Freq  stm32f1xx_hal_rcc.o
    0x0800156c   0x0800156c   0x0000006c   Code   RO         1712    i.HAL_RCC_GetSysClockFreq  stm32f1xx_hal_rcc.o
    0x080015d8   0x080015d8   0x00000318   Code   RO         1715    i.HAL_RCC_OscConfig  stm32f1xx_hal_rcc.o
    0x080018f0   0x080018f0   0x00000028   Code   RO         2014    i.HAL_SYSTICK_Config  stm32f1xx_hal_cortex.o
    0x08001918   0x08001918   0x00000002   Code   RO         1261    i.HAL_TIMEx_BreakCallback  stm32f1xx_hal_tim_ex.o
    0x0800191a   0x0800191a   0x00000002   Code   RO         1262    i.HAL_TIMEx_CommutCallback  stm32f1xx_hal_tim_ex.o
    0x0800191c   0x0800191c   0x00000060   Code   RO         1280    i.HAL_TIMEx_MasterConfigSynchronization  stm32f1xx_hal_tim_ex.o
    0x0800197c   0x0800197c   0x0000005a   Code   RO          557    i.HAL_TIM_Base_Init  stm32f1xx_hal_tim.o
    0x080019d6   0x080019d6   0x00000002   PAD
    0x080019d8   0x080019d8   0x000000d4   Code   RO          467    i.HAL_TIM_Base_MspInit  stm32f1xx_hal_msp.o
    0x08001aac   0x08001aac   0x00000050   Code   RO          562    i.HAL_TIM_Base_Start_IT  stm32f1xx_hal_tim.o
    0x08001afc   0x08001afc   0x000000d6   Code   RO          566    i.HAL_TIM_ConfigClockSource  stm32f1xx_hal_tim.o
    0x08001bd2   0x08001bd2   0x00000010   Code   RO          568    i.HAL_TIM_ConfigTI1Input  stm32f1xx_hal_tim.o
    0x08001be2   0x08001be2   0x00000002   PAD
    0x08001be4   0x08001be4   0x00000054   Code   RO          257    i.HAL_TIM_IC_CaptureCallback  main.o
    0x08001c38   0x08001c38   0x0000010e   Code   RO          593    i.HAL_TIM_IC_ConfigChannel  stm32f1xx_hal_tim.o
    0x08001d46   0x08001d46   0x0000005a   Code   RO          596    i.HAL_TIM_IC_Init   stm32f1xx_hal_tim.o
    0x08001da0   0x08001da0   0x00000002   Code   RO          598    i.HAL_TIM_IC_MspInit  stm32f1xx_hal_tim.o
    0x08001da2   0x08001da2   0x00000002   PAD
    0x08001da4   0x08001da4   0x000000f8   Code   RO          601    i.HAL_TIM_IC_Start_IT  stm32f1xx_hal_tim.o
    0x08001e9c   0x08001e9c   0x00000166   Code   RO          605    i.HAL_TIM_IRQHandler  stm32f1xx_hal_tim.o
    0x08002002   0x08002002   0x00000002   PAD
    0x08002004   0x08002004   0x00000048   Code   RO          468    i.HAL_TIM_MspPostInit  stm32f1xx_hal_msp.o
    0x0800204c   0x0800204c   0x00000002   Code   RO          608    i.HAL_TIM_OC_DelayElapsedCallback  stm32f1xx_hal_tim.o
    0x0800204e   0x0800204e   0x000000c6   Code   RO          629    i.HAL_TIM_PWM_ConfigChannel  stm32f1xx_hal_tim.o
    0x08002114   0x08002114   0x0000005a   Code   RO          632    i.HAL_TIM_PWM_Init  stm32f1xx_hal_tim.o
    0x0800216e   0x0800216e   0x00000002   Code   RO          634    i.HAL_TIM_PWM_MspInit  stm32f1xx_hal_tim.o
    0x08002170   0x08002170   0x00000002   Code   RO          635    i.HAL_TIM_PWM_PulseFinishedCallback  stm32f1xx_hal_tim.o
    0x08002172   0x08002172   0x00000002   PAD
    0x08002174   0x08002174   0x00000098   Code   RO          637    i.HAL_TIM_PWM_Start  stm32f1xx_hal_tim.o
    0x0800220c   0x0800220c   0x0000013c   Code   RO          258    i.HAL_TIM_PeriodElapsedCallback  main.o
    0x08002348   0x08002348   0x0000002a   Code   RO          645    i.HAL_TIM_ReadCapturedValue  stm32f1xx_hal_tim.o
    0x08002372   0x08002372   0x00000002   Code   RO          648    i.HAL_TIM_TriggerCallback  stm32f1xx_hal_tim.o
    0x08002374   0x08002374   0x00000002   Code   RO         2504    i.HAL_UARTEx_RxEventCallback  stm32f1xx_hal_uart.o
    0x08002376   0x08002376   0x00000002   Code   RO         2518    i.HAL_UART_ErrorCallback  stm32f1xx_hal_uart.o
    0x08002378   0x08002378   0x0000020c   Code   RO         2521    i.HAL_UART_IRQHandler  stm32f1xx_hal_uart.o
    0x08002584   0x08002584   0x00000062   Code   RO         2522    i.HAL_UART_Init     stm32f1xx_hal_uart.o
    0x080025e6   0x080025e6   0x00000002   PAD
    0x080025e8   0x080025e8   0x00000080   Code   RO          470    i.HAL_UART_MspInit  stm32f1xx_hal_msp.o
    0x08002668   0x08002668   0x0000002a   Code   RO         2527    i.HAL_UART_Receive_IT  stm32f1xx_hal_uart.o
    0x08002692   0x08002692   0x00000002   PAD
    0x08002694   0x08002694   0x00000058   Code   RO          259    i.HAL_UART_RxCpltCallback  main.o
    0x080026ec   0x080026ec   0x000000b0   Code   RO         2530    i.HAL_UART_Transmit  stm32f1xx_hal_uart.o
    0x0800279c   0x0800279c   0x00000002   Code   RO         2533    i.HAL_UART_TxCpltCallback  stm32f1xx_hal_uart.o
    0x0800279e   0x0800279e   0x00000002   Code   RO          357    i.HardFault_Handler  stm32f1xx_it.o
    0x080027a0   0x080027a0   0x0000012c   Code   RO          260    i.MX_GPIO_Init      main.o
    0x080028cc   0x080028cc   0x0000006c   Code   RO          261    i.MX_TIM1_Init      main.o
    0x08002938   0x08002938   0x000000a8   Code   RO          262    i.MX_TIM2_Init      main.o
    0x080029e0   0x080029e0   0x000000c8   Code   RO          263    i.MX_TIM3_Init      main.o
    0x08002aa8   0x08002aa8   0x00000002   Code   RO          358    i.MemManage_Handler  stm32f1xx_it.o
    0x08002aaa   0x08002aaa   0x00000002   Code   RO          359    i.NMI_Handler       stm32f1xx_it.o
    0x08002aac   0x08002aac   0x00000120   Code   RO          132    i.PID_Pressure_Calc  pid.o
    0x08002bcc   0x08002bcc   0x000000bc   Code   RO          133    i.PID_Speed_Calc    pid.o
    0x08002c88   0x08002c88   0x00000002   Code   RO          360    i.PendSV_Handler    stm32f1xx_it.o
    0x08002c8a   0x08002c8a   0x00000002   Code   RO          361    i.SVC_Handler       stm32f1xx_it.o
    0x08002c8c   0x08002c8c   0x00000004   Code   RO          362    i.SysTick_Handler   stm32f1xx_it.o
    0x08002c90   0x08002c90   0x0000005c   Code   RO          264    i.SystemClock_Config  main.o
    0x08002cec   0x08002cec   0x00000002   Code   RO         2851    i.SystemInit        system_stm32f1xx_1.o
    0x08002cee   0x08002cee   0x00000002   PAD
    0x08002cf0   0x08002cf0   0x0000000c   Code   RO          363    i.TIM1_UP_IRQHandler  stm32f1xx_it.o
    0x08002cfc   0x08002cfc   0x0000000c   Code   RO          364    i.TIM2_IRQHandler   stm32f1xx_it.o
    0x08002d08   0x08002d08   0x0000000c   Code   RO          365    i.TIM3_IRQHandler   stm32f1xx_it.o
    0x08002d14   0x08002d14   0x0000005c   Code   RO          650    i.TIM_Base_SetConfig  stm32f1xx_hal_tim.o
    0x08002d70   0x08002d70   0x0000001a   Code   RO          651    i.TIM_CCxChannelCmd  stm32f1xx_hal_tim.o
    0x08002d8a   0x08002d8a   0x00000014   Code   RO          661    i.TIM_ETR_SetConfig  stm32f1xx_hal_tim.o
    0x08002d9e   0x08002d9e   0x00000010   Code   RO          662    i.TIM_ITRx_SetConfig  stm32f1xx_hal_tim.o
    0x08002dae   0x08002dae   0x00000002   PAD
    0x08002db0   0x08002db0   0x00000058   Code   RO          663    i.TIM_OC1_SetConfig  stm32f1xx_hal_tim.o
    0x08002e08   0x08002e08   0x0000005c   Code   RO          664    i.TIM_OC2_SetConfig  stm32f1xx_hal_tim.o
    0x08002e64   0x08002e64   0x00000058   Code   RO          665    i.TIM_OC3_SetConfig  stm32f1xx_hal_tim.o
    0x08002ebc   0x08002ebc   0x00000044   Code   RO          666    i.TIM_OC4_SetConfig  stm32f1xx_hal_tim.o
    0x08002f00   0x08002f00   0x00000022   Code   RO          668    i.TIM_TI1_ConfigInputStage  stm32f1xx_hal_tim.o
    0x08002f22   0x08002f22   0x00000002   PAD
    0x08002f24   0x08002f24   0x00000050   Code   RO          669    i.TIM_TI1_SetConfig  stm32f1xx_hal_tim.o
    0x08002f74   0x08002f74   0x00000024   Code   RO          670    i.TIM_TI2_ConfigInputStage  stm32f1xx_hal_tim.o
    0x08002f98   0x08002f98   0x00000036   Code   RO          671    i.TIM_TI2_SetConfig  stm32f1xx_hal_tim.o
    0x08002fce   0x08002fce   0x00000010   Code   RO         2535    i.UART_DMAAbortOnError  stm32f1xx_hal_uart.o
    0x08002fde   0x08002fde   0x00000030   Code   RO         2545    i.UART_EndRxTransfer  stm32f1xx_hal_uart.o
    0x0800300e   0x0800300e   0x000000b6   Code   RO         2547    i.UART_Receive_IT   stm32f1xx_hal_uart.o
    0x080030c4   0x080030c4   0x000000b8   Code   RO         2548    i.UART_SetConfig    stm32f1xx_hal_uart.o
    0x0800317c   0x0800317c   0x00000036   Code   RO         2550    i.UART_Start_Receive_IT  stm32f1xx_hal_uart.o
    0x080031b2   0x080031b2   0x00000062   Code   RO         2551    i.UART_WaitOnFlagUntilTimeout  stm32f1xx_hal_uart.o
    0x08003214   0x08003214   0x0000000c   Code   RO          366    i.USART1_IRQHandler  stm32f1xx_it.o
    0x08003220   0x08003220   0x00000002   Code   RO          367    i.UsageFault_Handler  stm32f1xx_it.o
    0x08003222   0x08003222   0x00000002   PAD
    0x08003224   0x08003224   0x00000028   Code   RO         3157    i.__0sprintf        mc_w.l(printfa.o)
    0x0800324c   0x0800324c   0x00000026   Code   RO         3237    i.__ARM_fpclassifyf  m_ws.l(fpclassifyf.o)
    0x08003272   0x08003272   0x00000020   Code   RO         2016    i.__NVIC_SetPriority  stm32f1xx_hal_cortex.o
    0x08003292   0x08003292   0x00000006   Code   RO         3240    i.__mathlib_flt_infnan  m_ws.l(funder.o)
    0x08003298   0x08003298   0x00000008   Code   RO         3242    i.__mathlib_flt_invalid  m_ws.l(funder.o)
    0x080032a0   0x080032a0   0x0000000a   Code   RO         3245    i.__mathlib_flt_underflow  m_ws.l(funder.o)
    0x080032aa   0x080032aa   0x00000002   PAD
    0x080032ac   0x080032ac   0x00000168   Code   RO         3256    i.__mathlib_rredf2  m_ws.l(rredf.o)
    0x08003414   0x08003414   0x0000000c   Code   RO         3295    i.__read_errno      mc_w.l(errno.o)
    0x08003420   0x08003420   0x0000000e   Code   RO         3371    i.__scatterload_copy  mc_w.l(handlers.o)
    0x0800342e   0x0800342e   0x00000002   Code   RO         3372    i.__scatterload_null  mc_w.l(handlers.o)
    0x08003430   0x08003430   0x0000000e   Code   RO         3373    i.__scatterload_zeroinit  mc_w.l(handlers.o)
    0x0800343e   0x0800343e   0x00000002   PAD
    0x08003440   0x08003440   0x0000000c   Code   RO         3296    i.__set_errno       mc_w.l(errno.o)
    0x0800344c   0x0800344c   0x00000184   Code   RO         3162    i._fp_digits        mc_w.l(printfa.o)
    0x080035d0   0x080035d0   0x0000000e   Code   RO         3353    i._is_digit         mc_w.l(scanf_fp.o)
    0x080035de   0x080035de   0x00000002   PAD
    0x080035e0   0x080035e0   0x000006b4   Code   RO         3163    i._printf_core      mc_w.l(printfa.o)
    0x08003c94   0x08003c94   0x00000024   Code   RO         3164    i._printf_post_padding  mc_w.l(printfa.o)
    0x08003cb8   0x08003cb8   0x0000002e   Code   RO         3165    i._printf_pre_padding  mc_w.l(printfa.o)
    0x08003ce6   0x08003ce6   0x0000000a   Code   RO         3167    i._sputc            mc_w.l(printfa.o)
    0x08003cf0   0x08003cf0   0x0000002a   Code   RO         2886    i.atof              m_ws.l(atof.o)
    0x08003d1a   0x08003d1a   0x00000002   PAD
    0x08003d1c   0x08003d1c   0x000002f8   Code   RO          265    i.main              main.o
    0x08004014   0x08004014   0x00000146   Code   RO          180    i.pressureCalcParam  pressurereceive.o
    0x0800415a   0x0800415a   0x00000002   PAD
    0x0800415c   0x0800415c   0x000002dc   Code   RO          181    i.pressureReceive   pressurereceive.o
    0x08004438   0x08004438   0x000000a4   Code   RO           13    i.readMCP3553       mcp3553.o
    0x080044dc   0x080044dc   0x000001a8   Code   RO          266    i.set_value_from_UART  main.o
    0x08004684   0x08004684   0x00000188   Code   RO         2900    i.sinf              m_ws.l(sinf.o)
    0x0800480c   0x0800480c   0x0000005c   Code   RO          236    i.sspi_r            sspi.o
    0x08004868   0x08004868   0x0000001a   Code   RO          242    i.sspi_receive      sspi.o
    0x08004882   0x08004882   0x00000010   Data   RO         2852    .constdata          system_stm32f1xx_1.o
    0x08004892   0x08004892   0x00000008   Data   RO         2853    .constdata          system_stm32f1xx_1.o
    0x0800489a   0x0800489a   0x00000002   PAD
    0x0800489c   0x0800489c   0x00000020   Data   RO         3257    .constdata          m_ws.l(rredf.o)
    0x080048bc   0x080048bc   0x00000081   Data   RO         3324    .constdata          mc_w.l(ctype_o.o)
    0x0800493d   0x0800493d   0x00000003   PAD
    0x08004940   0x08004940   0x00000004   Data   RO         3325    .constdata          mc_w.l(ctype_o.o)
    0x08004944   0x08004944   0x00000020   Data   RO         3369    Region$$Table       anon$$obj.o


    Execution Region RW_IRAM1 (Exec base: 0x20000000, Load base: 0x08004964, Size: 0x000005f0, Max: 0x00002800, ABSOLUTE)

    Exec Addr    Load Addr    Size         Type   Attr      Idx    E Section Name        Object

    0x20000000   0x08004964   0x0000001c   Data   RW          135    .data               pid.o
    0x2000001c   0x08004980   0x0000003c   Data   RW          268    .data               main.o
    0x20000058   0x080049bc   0x0000000c   Data   RW         1553    .data               stm32f1xx_hal.o
    0x20000064   0x080049c8   0x00000004   Data   RW         2854    .data               system_stm32f1xx_1.o
    0x20000068   0x080049cc   0x00000004   Data   RW         3297    .data               mc_w.l(errno.o)
    0x2000006c        -       0x00000184   Zero   RW          267    .bss                main.o
    0x200001f0        -       0x00000400   Zero   RW            1    STACK               startup_stm32f103x6.o


==============================================================================

Image component sizes


      Code (inc. data)   RO Data    RW Data    ZI Data      Debug   Object Name

      2708        248          0         60        388      10471   main.o
       164         10          0          0          0     418130   mcp3553.o
       476         50          0         28          0       2907   pid.o
      1058         36          0          0          0       3382   pressurereceive.o
       118          8          0          0          0       1585   sspi.o
        36          8        236          0       1024        808   startup_stm32f103x6.o
       164         28          0         12          0       5593   stm32f1xx_hal.o
       198         14          0          0          0      28927   stm32f1xx_hal_cortex.o
       222          4          0          0          0       1783   stm32f1xx_hal_dma.o
       484         34          0          0          0       4078   stm32f1xx_hal_gpio.o
       472         50          0          0          0       3098   stm32f1xx_hal_msp.o
      1276        100          0          0          0       5360   stm32f1xx_hal_rcc.o
      2552         68          0          0          0      22410   stm32f1xx_hal_tim.o
       100         10          0          0          0       2469   stm32f1xx_hal_tim_ex.o
      1428         10          0          0          0      10676   stm32f1xx_hal_uart.o
        96         24          0          0          0       6573   stm32f1xx_it.o
         2          0         24          4          0       1131   system_stm32f1xx_1.o

    ----------------------------------------------------------------------
     11582        702        294        104       1412     529381   Object Totals
         0          0         32          0          0          0   (incl. Generated)
        28          0          2          0          0          0   (incl. Padding)

    ----------------------------------------------------------------------

      Code (inc. data)   RO Data    RW Data    ZI Data      Debug   Library Member Name

        42          0          0          0          0         84   atof.o
        38          0          0          0          0         68   fpclassifyf.o
        24          0          0          0          0        204   funder.o
       360         16         32          0          0         88   rredf.o
       392         54          0          0          0        124   sinf.o
        64          0          0          0          0         84   _sgetc.o
         8          4        133          0          0         68   ctype_o.o
         0          0          0          0          0          0   entry.o
         0          0          0          0          0          0   entry10a.o
         0          0          0          0          0          0   entry11a.o
         4          0          0          0          0          0   entry12b.o
         8          4          0          0          0          0   entry2.o
         4          0          0          0          0          0   entry5.o
         0          0          0          0          0          0   entry7b.o
         0          0          0          0          0          0   entry8b.o
         8          4          0          0          0          0   entry9a.o
        24         12          0          4          0        136   errno.o
        30          0          0          0          0          0   handlers.o
        36          8          0          0          0         68   init.o
        18          0          0          0          0         76   isspace_o.o
         0          0          0          0          0          0   iusefp.o
        30          0          0          0          0         68   llshl.o
        36          0          0          0          0         68   llsshr.o
        32          0          0          0          0         68   llushr.o
        36          0          0          0          0         68   memcpya.o
        36          0          0          0          0        108   memseta.o
      2236         86          0          0          0        532   printfa.o
       878         12          0          0          0        216   scanf_fp.o
        20          0          0          0          0         68   strchr.o
        14          0          0          0          0         68   strlen.o
       156         12          0          0          0        120   strtod.o
        44          0          0          0          0         80   uidiv.o
        98          0          0          0          0         92   uldiv.o
        48          0          0          0          0         68   cdcmple.o
        48          0          0          0          0         68   cdrcmple.o
        20          0          0          0          0         68   cfcmple.o
        20          0          0          0          0         68   cfrcmple.o
        56          0          0          0          0         88   d2f.o
       334          0          0          0          0        148   dadd.o
       222          0          0          0          0        100   ddiv.o
       186          0          0          0          0        176   depilogue.o
        48          0          0          0          0         68   dfixul.o
        26          0          0          0          0         76   dfltui.o
        24          0          0          0          0         76   dfltul.o
       228          0          0          0          0         96   dmul.o
        46          0          0          0          0         80   dscalb.o
        38          0          0          0          0         68   f2d.o
       176          0          0          0          0        140   fadd.o
       124          0          0          0          0         88   fdiv.o
       110          0          0          0          0        168   fepilogue.o
        50          0          0          0          0         68   ffixi.o
        40          0          0          0          0         68   ffixui.o
        18          0          0          0          0         68   fflti.o
        10          0          0          0          0         68   ffltui.o
       100          0          0          0          0         76   fmul.o
        60          0          0          0          0         76   frnd.o
        24          0          0          0          0         68   fscalb.o

    ----------------------------------------------------------------------
      6744        212        168          4          0       4692   Library Totals
        12          0          3          0          0          0   (incl. Padding)

    ----------------------------------------------------------------------

      Code (inc. data)   RO Data    RW Data    ZI Data      Debug   Library Name

       856         70         32          0          0        568   m_ws.l
      3820        142        133          4          0       1988   mc_w.l
      2056          0          0          0          0       2136   mf_w.l

    ----------------------------------------------------------------------
      6744        212        168          4          0       4692   Library Totals

    ----------------------------------------------------------------------

==============================================================================


      Code (inc. data)   RO Data    RW Data    ZI Data      Debug   

     18326        914        462        108       1412     526269   Grand Totals
     18326        914        462        108       1412     526269   ELF Image Totals
     18326        914        462        108          0          0   ROM Totals

==============================================================================

    Total RO  Size (Code + RO Data)                18788 (  18.35kB)
    Total RW  Size (RW Data + ZI Data)              1520 (   1.48kB)
    Total ROM Size (Code + RO Data + RW Data)      18896 (  18.45kB)

==============================================================================

